
build/stm32-sinusoidal-stepper.elf:     file format elf32-littlearm

Sections:
Idx Name          Size      VMA       LMA       File off  Algn
  0 .isr_vector   00000188  08000000  08000000  00001000  2**0
                  CONTENTS, ALLOC, LOAD, READONLY, DATA
  1 .text         00000d9c  08000188  08000188  00001188  2**2
                  CONTENTS, ALLOC, LOAD, READONLY, CODE
  2 .rodata       00001014  08000f24  08000f24  00001f24  2**2
                  CONTENTS, ALLOC, LOAD, READONLY, DATA
  3 .ARM.extab    00000000  08001f38  08001f38  00003068  2**0
                  CONTENTS
  4 .ARM          00000008  08001f38  08001f38  00002f38  2**2
                  CONTENTS, ALLOC, LOAD, READONLY, DATA
  5 .preinit_array 00000000  08001f40  08001f40  00003068  2**0
                  CONTENTS, ALLOC, LOAD, DATA
  6 .init_array   00000004  08001f40  08001f40  00002f40  2**2
                  CONTENTS, ALLOC, LOAD, READONLY, DATA
  7 .fini_array   00000004  08001f44  08001f44  00002f44  2**2
                  CONTENTS, ALLOC, LOAD, READONLY, DATA
  8 .data         00000068  20000000  08001f48  00003000  2**2
                  CONTENTS, ALLOC, LOAD, DATA
  9 .ccmram       00000000  10000000  10000000  00003068  2**0
                  CONTENTS
 10 .bss          0000002c  20000068  20000068  00003068  2**2
                  ALLOC
 11 ._user_heap_stack 00000604  20000094  20000094  00003068  2**0
                  ALLOC
 12 .ARM.attributes 00000030  00000000  00000000  00003068  2**0
                  CONTENTS, READONLY
 13 .comment      00000044  00000000  00000000  00003098  2**0
                  CONTENTS, READONLY
 14 .debug_info   00003c03  00000000  00000000  000030dc  2**0
                  CONTENTS, READONLY, DEBUGGING, OCTETS
 15 .debug_abbrev 00000c7d  00000000  00000000  00006cdf  2**0
                  CONTENTS, READONLY, DEBUGGING, OCTETS
 16 .debug_loclists 00000319  00000000  00000000  0000795c  2**0
                  CONTENTS, READONLY, DEBUGGING, OCTETS
 17 .debug_aranges 00000020  00000000  00000000  00007c75  2**0
                  CONTENTS, READONLY, DEBUGGING, OCTETS
 18 .debug_line   0000130a  00000000  00000000  00007c95  2**0
                  CONTENTS, READONLY, DEBUGGING, OCTETS
 19 .debug_str    00089b75  00000000  00000000  00008f9f  2**0
                  CONTENTS, READONLY, DEBUGGING, OCTETS
 20 .debug_frame  00000394  00000000  00000000  00092b14  2**2
                  CONTENTS, READONLY, DEBUGGING, OCTETS
 21 .debug_macro  000189c4  00000000  00000000  00092ea8  2**0
                  CONTENTS, READONLY, DEBUGGING, OCTETS
 22 .debug_line_str 0000047d  00000000  00000000  000ab86c  2**0
                  CONTENTS, READONLY, DEBUGGING, OCTETS

Disassembly of section .text:

08000188 <SystemCoreClockUpdate>:
void SystemCoreClockUpdate(void)
{
  uint32_t tmp, pllvco, pllp, pllsource, pllm;
  
  /* Get SYSCLK source -------------------------------------------------------*/
  tmp = RCC->CFGR & RCC_CFGR_SWS;
 8000188:	4b22      	ldr	r3, [pc, #136]	@ (8000214 <SystemCoreClockUpdate+0x8c>)
 800018a:	689b      	ldr	r3, [r3, #8]
 800018c:	f003 030c 	and.w	r3, r3, #12

  switch (tmp)
 8000190:	2b04      	cmp	r3, #4
 8000192:	d011      	beq.n	80001b8 <SystemCoreClockUpdate+0x30>
 8000194:	2b08      	cmp	r3, #8
 8000196:	d013      	beq.n	80001c0 <SystemCoreClockUpdate+0x38>
 8000198:	2b00      	cmp	r3, #0
 800019a:	d137      	bne.n	800020c <SystemCoreClockUpdate+0x84>
  {
    case 0x00:  /* HSI used as system clock source */
      SystemCoreClock = HSI_VALUE;
 800019c:	4b1e      	ldr	r3, [pc, #120]	@ (8000218 <SystemCoreClockUpdate+0x90>)
 800019e:	4a1f      	ldr	r2, [pc, #124]	@ (800021c <SystemCoreClockUpdate+0x94>)
 80001a0:	601a      	str	r2, [r3, #0]
      SystemCoreClock = HSI_VALUE;
      break;
  }
  /* Compute HCLK frequency --------------------------------------------------*/
  /* Get HCLK prescaler */
  tmp = AHBPrescTable[((RCC->CFGR & RCC_CFGR_HPRE) >> 4)];
 80001a2:	4b1c      	ldr	r3, [pc, #112]	@ (8000214 <SystemCoreClockUpdate+0x8c>)
 80001a4:	689b      	ldr	r3, [r3, #8]
 80001a6:	f3c3 1303 	ubfx	r3, r3, #4, #4
 80001aa:	4a1d      	ldr	r2, [pc, #116]	@ (8000220 <SystemCoreClockUpdate+0x98>)
 80001ac:	5cd1      	ldrb	r1, [r2, r3]
  /* HCLK frequency */
  SystemCoreClock >>= tmp;
 80001ae:	4a1a      	ldr	r2, [pc, #104]	@ (8000218 <SystemCoreClockUpdate+0x90>)
 80001b0:	6813      	ldr	r3, [r2, #0]
 80001b2:	40cb      	lsrs	r3, r1
 80001b4:	6013      	str	r3, [r2, #0]
}
 80001b6:	4770      	bx	lr
      SystemCoreClock = HSE_VALUE;
 80001b8:	4b17      	ldr	r3, [pc, #92]	@ (8000218 <SystemCoreClockUpdate+0x90>)
 80001ba:	4a1a      	ldr	r2, [pc, #104]	@ (8000224 <SystemCoreClockUpdate+0x9c>)
 80001bc:	601a      	str	r2, [r3, #0]
      break;
 80001be:	e7f0      	b.n	80001a2 <SystemCoreClockUpdate+0x1a>
      pllsource = (RCC->PLLCFGR & RCC_PLLCFGR_PLLSRC) >> 22;
 80001c0:	4b14      	ldr	r3, [pc, #80]	@ (8000214 <SystemCoreClockUpdate+0x8c>)
 80001c2:	6859      	ldr	r1, [r3, #4]
      pllm = RCC->PLLCFGR & RCC_PLLCFGR_PLLM;
 80001c4:	685a      	ldr	r2, [r3, #4]
 80001c6:	f002 023f 	and.w	r2, r2, #63	@ 0x3f
      if (pllsource != 0)
 80001ca:	f411 0f80 	tst.w	r1, #4194304	@ 0x400000
 80001ce:	d013      	beq.n	80001f8 <SystemCoreClockUpdate+0x70>
        pllvco = (HSE_VALUE / pllm) * ((RCC->PLLCFGR & RCC_PLLCFGR_PLLN) >> 6);
 80001d0:	4b14      	ldr	r3, [pc, #80]	@ (8000224 <SystemCoreClockUpdate+0x9c>)
 80001d2:	fbb3 f3f2 	udiv	r3, r3, r2
 80001d6:	4a0f      	ldr	r2, [pc, #60]	@ (8000214 <SystemCoreClockUpdate+0x8c>)
 80001d8:	6852      	ldr	r2, [r2, #4]
 80001da:	f3c2 1288 	ubfx	r2, r2, #6, #9
 80001de:	fb02 f303 	mul.w	r3, r2, r3
      pllp = (((RCC->PLLCFGR & RCC_PLLCFGR_PLLP) >>16) + 1 ) *2;
 80001e2:	4a0c      	ldr	r2, [pc, #48]	@ (8000214 <SystemCoreClockUpdate+0x8c>)
 80001e4:	6852      	ldr	r2, [r2, #4]
 80001e6:	f3c2 4201 	ubfx	r2, r2, #16, #2
 80001ea:	3201      	adds	r2, #1
 80001ec:	0052      	lsls	r2, r2, #1
      SystemCoreClock = pllvco/pllp;
 80001ee:	fbb3 f3f2 	udiv	r3, r3, r2
 80001f2:	4a09      	ldr	r2, [pc, #36]	@ (8000218 <SystemCoreClockUpdate+0x90>)
 80001f4:	6013      	str	r3, [r2, #0]
      break;
 80001f6:	e7d4      	b.n	80001a2 <SystemCoreClockUpdate+0x1a>
        pllvco = (HSI_VALUE / pllm) * ((RCC->PLLCFGR & RCC_PLLCFGR_PLLN) >> 6);
 80001f8:	4b08      	ldr	r3, [pc, #32]	@ (800021c <SystemCoreClockUpdate+0x94>)
 80001fa:	fbb3 f3f2 	udiv	r3, r3, r2
 80001fe:	4a05      	ldr	r2, [pc, #20]	@ (8000214 <SystemCoreClockUpdate+0x8c>)
 8000200:	6852      	ldr	r2, [r2, #4]
 8000202:	f3c2 1288 	ubfx	r2, r2, #6, #9
 8000206:	fb02 f303 	mul.w	r3, r2, r3
 800020a:	e7ea      	b.n	80001e2 <SystemCoreClockUpdate+0x5a>
      SystemCoreClock = HSI_VALUE;
 800020c:	4b02      	ldr	r3, [pc, #8]	@ (8000218 <SystemCoreClockUpdate+0x90>)
 800020e:	4a03      	ldr	r2, [pc, #12]	@ (800021c <SystemCoreClockUpdate+0x94>)
 8000210:	601a      	str	r2, [r3, #0]
      break;
 8000212:	e7c6      	b.n	80001a2 <SystemCoreClockUpdate+0x1a>
 8000214:	40023800 	.word	0x40023800
 8000218:	20000000 	.word	0x20000000
 800021c:	00f42400 	.word	0x00f42400
 8000220:	08000f24 	.word	0x08000f24
 8000224:	007a1200 	.word	0x007a1200

08000228 <GPIO_Init>:
#include "stdbool.h"

/// @brief Initialize a GPIO pin
/// @param config Pointer to the GPIO configuration structure

void GPIO_Init(const gpio_config_t *config){
 8000228:	b430      	push	{r4, r5}

    // Clear the mode bits and configure the selected pin mode
    config->port->MODER &= ~(3U << (config->pin * 2U));
 800022a:	6804      	ldr	r4, [r0, #0]
 800022c:	6821      	ldr	r1, [r4, #0]
 800022e:	7902      	ldrb	r2, [r0, #4]
 8000230:	0052      	lsls	r2, r2, #1
 8000232:	2303      	movs	r3, #3
 8000234:	fa03 f202 	lsl.w	r2, r3, r2
 8000238:	ea21 0202 	bic.w	r2, r1, r2
 800023c:	6022      	str	r2, [r4, #0]
    config->port->MODER |= ((uint32_t)config->mode << (config->pin * 2U));
 800023e:	6804      	ldr	r4, [r0, #0]
 8000240:	6822      	ldr	r2, [r4, #0]
 8000242:	7941      	ldrb	r1, [r0, #5]
 8000244:	f890 c004 	ldrb.w	ip, [r0, #4]
 8000248:	ea4f 0c4c 	mov.w	ip, ip, lsl #1
 800024c:	fa01 f10c 	lsl.w	r1, r1, ip
 8000250:	430a      	orrs	r2, r1
 8000252:	6022      	str	r2, [r4, #0]

    // Clear the type bits and configure the selected pin type
    config->port->OTYPER &= ~(1U << config->pin);
 8000254:	6804      	ldr	r4, [r0, #0]
 8000256:	6862      	ldr	r2, [r4, #4]
 8000258:	f890 c004 	ldrb.w	ip, [r0, #4]
 800025c:	2101      	movs	r1, #1
 800025e:	fa01 f10c 	lsl.w	r1, r1, ip
 8000262:	ea22 0201 	bic.w	r2, r2, r1
 8000266:	6062      	str	r2, [r4, #4]
    config->port->OTYPER |= ((uint32_t)config->type << config->pin);
 8000268:	6804      	ldr	r4, [r0, #0]
 800026a:	6862      	ldr	r2, [r4, #4]
 800026c:	7981      	ldrb	r1, [r0, #6]
 800026e:	f890 c004 	ldrb.w	ip, [r0, #4]
 8000272:	fa01 f10c 	lsl.w	r1, r1, ip
 8000276:	430a      	orrs	r2, r1
 8000278:	6062      	str	r2, [r4, #4]

    // Clear the speed bits and configure the selected pin speed
    config->port->OSPEEDR &= ~(3U << (config->pin * 2U));
 800027a:	6804      	ldr	r4, [r0, #0]
 800027c:	68a1      	ldr	r1, [r4, #8]
 800027e:	7902      	ldrb	r2, [r0, #4]
 8000280:	0052      	lsls	r2, r2, #1
 8000282:	fa03 f202 	lsl.w	r2, r3, r2
 8000286:	ea21 0202 	bic.w	r2, r1, r2
 800028a:	60a2      	str	r2, [r4, #8]
    config->port->OSPEEDR |= ((uint32_t)config->speed << (config->pin * 2U));
 800028c:	6804      	ldr	r4, [r0, #0]
 800028e:	68a2      	ldr	r2, [r4, #8]
 8000290:	79c1      	ldrb	r1, [r0, #7]
 8000292:	f890 c004 	ldrb.w	ip, [r0, #4]
 8000296:	ea4f 0c4c 	mov.w	ip, ip, lsl #1
 800029a:	fa01 f10c 	lsl.w	r1, r1, ip
 800029e:	430a      	orrs	r2, r1
 80002a0:	60a2      	str	r2, [r4, #8]

    // Clear the pull-up/down bits and configure the selected pin pull-up/down
    config->port->PUPDR &= ~(3U << (config->pin * 2U));
 80002a2:	6804      	ldr	r4, [r0, #0]
 80002a4:	68e2      	ldr	r2, [r4, #12]
 80002a6:	7901      	ldrb	r1, [r0, #4]
 80002a8:	0049      	lsls	r1, r1, #1
 80002aa:	408b      	lsls	r3, r1
 80002ac:	ea22 0303 	bic.w	r3, r2, r3
 80002b0:	60e3      	str	r3, [r4, #12]
    config->port->PUPDR |= ((uint32_t)config->pull << (config->pin * 2U));
 80002b2:	6804      	ldr	r4, [r0, #0]
 80002b4:	68e3      	ldr	r3, [r4, #12]
 80002b6:	7a02      	ldrb	r2, [r0, #8]
 80002b8:	7901      	ldrb	r1, [r0, #4]
 80002ba:	0049      	lsls	r1, r1, #1
 80002bc:	408a      	lsls	r2, r1
 80002be:	4313      	orrs	r3, r2
 80002c0:	60e3      	str	r3, [r4, #12]

    // Configure the Alternate Function (AF) registers when required
    if(config->mode == GPIO_MODE_AF){
 80002c2:	7943      	ldrb	r3, [r0, #5]
 80002c4:	2b02      	cmp	r3, #2
 80002c6:	d001      	beq.n	80002cc <GPIO_Init+0xa4>
        config->port->AFR[index] &= ~(0xFU << shift);
        config->port->AFR[index] |= ((uint32_t)config->af << shift);

    }

}
 80002c8:	bc30      	pop	{r4, r5}
 80002ca:	4770      	bx	lr
        uint32_t index = config->pin / 8U;// AFR[0] controls pins 0-7, AFR[1] controls pins 8-15
 80002cc:	7903      	ldrb	r3, [r0, #4]
 80002ce:	08da      	lsrs	r2, r3, #3
        uint32_t shift = (config->pin % 8U) * 4U;
 80002d0:	f003 0307 	and.w	r3, r3, #7
 80002d4:	009b      	lsls	r3, r3, #2
        config->port->AFR[index] &= ~(0xFU << shift);
 80002d6:	6805      	ldr	r5, [r0, #0]
 80002d8:	3208      	adds	r2, #8
 80002da:	f855 1022 	ldr.w	r1, [r5, r2, lsl #2]
 80002de:	240f      	movs	r4, #15
 80002e0:	409c      	lsls	r4, r3
 80002e2:	ea21 0104 	bic.w	r1, r1, r4
 80002e6:	f845 1022 	str.w	r1, [r5, r2, lsl #2]
        config->port->AFR[index] |= ((uint32_t)config->af << shift);
 80002ea:	6804      	ldr	r4, [r0, #0]
 80002ec:	f854 1022 	ldr.w	r1, [r4, r2, lsl #2]
 80002f0:	7a40      	ldrb	r0, [r0, #9]
 80002f2:	fa00 f303 	lsl.w	r3, r0, r3
 80002f6:	430b      	orrs	r3, r1
 80002f8:	f844 3022 	str.w	r3, [r4, r2, lsl #2]
}
 80002fc:	e7e4      	b.n	80002c8 <GPIO_Init+0xa0>

080002fe <GPIO_EnableClock>:

/// @brief Enable clock for each GPIO port peripheral
/// @param config Pointer to the GPIO configuration structure
void GPIO_EnableClock(const gpio_config_t *config){

    if(config->port == GPIOA) RCC->AHB1ENR |= RCC_AHB1ENR_GPIOAEN;
 80002fe:	6803      	ldr	r3, [r0, #0]
 8000300:	4a28      	ldr	r2, [pc, #160]	@ (80003a4 <GPIO_EnableClock+0xa6>)
 8000302:	4293      	cmp	r3, r2
 8000304:	d01b      	beq.n	800033e <GPIO_EnableClock+0x40>
    else if(config->port == GPIOB) RCC->AHB1ENR |= RCC_AHB1ENR_GPIOBEN;
 8000306:	4a28      	ldr	r2, [pc, #160]	@ (80003a8 <GPIO_EnableClock+0xaa>)
 8000308:	4293      	cmp	r3, r2
 800030a:	d021      	beq.n	8000350 <GPIO_EnableClock+0x52>
    else if(config->port == GPIOC) RCC->AHB1ENR |= RCC_AHB1ENR_GPIOCEN;
 800030c:	4a27      	ldr	r2, [pc, #156]	@ (80003ac <GPIO_EnableClock+0xae>)
 800030e:	4293      	cmp	r3, r2
 8000310:	d025      	beq.n	800035e <GPIO_EnableClock+0x60>
    else if(config->port == GPIOD) RCC->AHB1ENR |= RCC_AHB1ENR_GPIODEN;
 8000312:	4a27      	ldr	r2, [pc, #156]	@ (80003b0 <GPIO_EnableClock+0xb2>)
 8000314:	4293      	cmp	r3, r2
 8000316:	d029      	beq.n	800036c <GPIO_EnableClock+0x6e>
    else if(config->port == GPIOE) RCC->AHB1ENR |= RCC_AHB1ENR_GPIOEEN;
 8000318:	4a26      	ldr	r2, [pc, #152]	@ (80003b4 <GPIO_EnableClock+0xb6>)
 800031a:	4293      	cmp	r3, r2
 800031c:	d02d      	beq.n	800037a <GPIO_EnableClock+0x7c>
    else if(config->port == GPIOF) RCC->AHB1ENR |= RCC_AHB1ENR_GPIOFEN;
 800031e:	4a26      	ldr	r2, [pc, #152]	@ (80003b8 <GPIO_EnableClock+0xba>)
 8000320:	4293      	cmp	r3, r2
 8000322:	d031      	beq.n	8000388 <GPIO_EnableClock+0x8a>
    else if(config->port == GPIOG) RCC->AHB1ENR |= RCC_AHB1ENR_GPIOGEN;
 8000324:	4a25      	ldr	r2, [pc, #148]	@ (80003bc <GPIO_EnableClock+0xbe>)
 8000326:	4293      	cmp	r3, r2
 8000328:	d035      	beq.n	8000396 <GPIO_EnableClock+0x98>
    else if(config->port == GPIOH) RCC->AHB1ENR |= RCC_AHB1ENR_GPIOHEN;
 800032a:	4a25      	ldr	r2, [pc, #148]	@ (80003c0 <GPIO_EnableClock+0xc2>)
 800032c:	4293      	cmp	r3, r2
 800032e:	d10c      	bne.n	800034a <GPIO_EnableClock+0x4c>
 8000330:	f502 52e0 	add.w	r2, r2, #7168	@ 0x1c00
 8000334:	6b13      	ldr	r3, [r2, #48]	@ 0x30
 8000336:	f043 0380 	orr.w	r3, r3, #128	@ 0x80
 800033a:	6313      	str	r3, [r2, #48]	@ 0x30
 800033c:	e005      	b.n	800034a <GPIO_EnableClock+0x4c>
    if(config->port == GPIOA) RCC->AHB1ENR |= RCC_AHB1ENR_GPIOAEN;
 800033e:	f502 5260 	add.w	r2, r2, #14336	@ 0x3800
 8000342:	6b13      	ldr	r3, [r2, #48]	@ 0x30
 8000344:	f043 0301 	orr.w	r3, r3, #1
 8000348:	6313      	str	r3, [r2, #48]	@ 0x30

    // Read back to ensure the write has completed
    (void)RCC->AHB1ENR;
 800034a:	4b1e      	ldr	r3, [pc, #120]	@ (80003c4 <GPIO_EnableClock+0xc6>)
 800034c:	6b1b      	ldr	r3, [r3, #48]	@ 0x30
}
 800034e:	4770      	bx	lr
    else if(config->port == GPIOB) RCC->AHB1ENR |= RCC_AHB1ENR_GPIOBEN;
 8000350:	f502 5250 	add.w	r2, r2, #13312	@ 0x3400
 8000354:	6b13      	ldr	r3, [r2, #48]	@ 0x30
 8000356:	f043 0302 	orr.w	r3, r3, #2
 800035a:	6313      	str	r3, [r2, #48]	@ 0x30
 800035c:	e7f5      	b.n	800034a <GPIO_EnableClock+0x4c>
    else if(config->port == GPIOC) RCC->AHB1ENR |= RCC_AHB1ENR_GPIOCEN;
 800035e:	f502 5240 	add.w	r2, r2, #12288	@ 0x3000
 8000362:	6b13      	ldr	r3, [r2, #48]	@ 0x30
 8000364:	f043 0304 	orr.w	r3, r3, #4
 8000368:	6313      	str	r3, [r2, #48]	@ 0x30
 800036a:	e7ee      	b.n	800034a <GPIO_EnableClock+0x4c>
    else if(config->port == GPIOD) RCC->AHB1ENR |= RCC_AHB1ENR_GPIODEN;
 800036c:	f502 5230 	add.w	r2, r2, #11264	@ 0x2c00
 8000370:	6b13      	ldr	r3, [r2, #48]	@ 0x30
 8000372:	f043 0308 	orr.w	r3, r3, #8
 8000376:	6313      	str	r3, [r2, #48]	@ 0x30
 8000378:	e7e7      	b.n	800034a <GPIO_EnableClock+0x4c>
    else if(config->port == GPIOE) RCC->AHB1ENR |= RCC_AHB1ENR_GPIOEEN;
 800037a:	f502 5220 	add.w	r2, r2, #10240	@ 0x2800
 800037e:	6b13      	ldr	r3, [r2, #48]	@ 0x30
 8000380:	f043 0310 	orr.w	r3, r3, #16
 8000384:	6313      	str	r3, [r2, #48]	@ 0x30
 8000386:	e7e0      	b.n	800034a <GPIO_EnableClock+0x4c>
    else if(config->port == GPIOF) RCC->AHB1ENR |= RCC_AHB1ENR_GPIOFEN;
 8000388:	f502 5210 	add.w	r2, r2, #9216	@ 0x2400
 800038c:	6b13      	ldr	r3, [r2, #48]	@ 0x30
 800038e:	f043 0320 	orr.w	r3, r3, #32
 8000392:	6313      	str	r3, [r2, #48]	@ 0x30
 8000394:	e7d9      	b.n	800034a <GPIO_EnableClock+0x4c>
    else if(config->port == GPIOG) RCC->AHB1ENR |= RCC_AHB1ENR_GPIOGEN;
 8000396:	f502 5200 	add.w	r2, r2, #8192	@ 0x2000
 800039a:	6b13      	ldr	r3, [r2, #48]	@ 0x30
 800039c:	f043 0340 	orr.w	r3, r3, #64	@ 0x40
 80003a0:	6313      	str	r3, [r2, #48]	@ 0x30
 80003a2:	e7d2      	b.n	800034a <GPIO_EnableClock+0x4c>
 80003a4:	40020000 	.word	0x40020000
 80003a8:	40020400 	.word	0x40020400
 80003ac:	40020800 	.word	0x40020800
 80003b0:	40020c00 	.word	0x40020c00
 80003b4:	40021000 	.word	0x40021000
 80003b8:	40021400 	.word	0x40021400
 80003bc:	40021800 	.word	0x40021800
 80003c0:	40021c00 	.word	0x40021c00
 80003c4:	40023800 	.word	0x40023800

080003c8 <GPIO_SetPin>:

/// @brief Set the selected GPIO pin using the BSRR register
/// @param config Pointer to the GPIO configuration structure
void GPIO_SetPin(const gpio_config_t *config){

    config->port->BSRR = (1U << config->pin);
 80003c8:	7901      	ldrb	r1, [r0, #4]
 80003ca:	6802      	ldr	r2, [r0, #0]
 80003cc:	2301      	movs	r3, #1
 80003ce:	408b      	lsls	r3, r1
 80003d0:	6193      	str	r3, [r2, #24]
        
}
 80003d2:	4770      	bx	lr

080003d4 <GPIO_ResetPin>:

/// @brief Reset the selected GPIO pin using the BSRR register
/// @param config Pointer to the GPIO configuration structure
void GPIO_ResetPin(const gpio_config_t *config){

    config->port->BSRR = (1U << (config->pin + 16U));
 80003d4:	7902      	ldrb	r2, [r0, #4]
 80003d6:	3210      	adds	r2, #16
 80003d8:	6801      	ldr	r1, [r0, #0]
 80003da:	2301      	movs	r3, #1
 80003dc:	4093      	lsls	r3, r2
 80003de:	618b      	str	r3, [r1, #24]

}
 80003e0:	4770      	bx	lr

080003e2 <GPIO_TogglePin>:
/// @param config Pointer to the GPIO configuration structure
/// @note This operation performs a read-modify-write on the ODR register
///       and is therefore not atomic
void GPIO_TogglePin(const gpio_config_t *config){

    config->port->ODR ^= (1U << config->pin);
 80003e2:	6801      	ldr	r1, [r0, #0]
 80003e4:	694b      	ldr	r3, [r1, #20]
 80003e6:	7900      	ldrb	r0, [r0, #4]
 80003e8:	2201      	movs	r2, #1
 80003ea:	4082      	lsls	r2, r0
 80003ec:	4053      	eors	r3, r2
 80003ee:	614b      	str	r3, [r1, #20]

 80003f0:	4770      	bx	lr

080003f2 <SWave_UpdatePhaseAccumulator>:

}

void SWave_UpdatePhaseAccumulator(void){

    phase_accumulator += phase_increment;
 80003f2:	4b03      	ldr	r3, [pc, #12]	@ (8000400 <SWave_UpdatePhaseAccumulator+0xe>)
 80003f4:	6819      	ldr	r1, [r3, #0]
 80003f6:	685a      	ldr	r2, [r3, #4]
 80003f8:	440a      	add	r2, r1
 80003fa:	605a      	str	r2, [r3, #4]

}
 80003fc:	4770      	bx	lr
 80003fe:	bf00      	nop
 8000400:	20000068 	.word	0x20000068

08000404 <InitSystemClock>:
 ******************************************************************************/

#include "system_clock.h"
#include "stm32f4xx.h"

void InitSystemClock(void){
 8000404:	b508      	push	{r3, lr}

    //Enable HSE and wait for it to stabilize
    RCC->CR |= RCC_CR_HSEON;
 8000406:	4a25      	ldr	r2, [pc, #148]	@ (800049c <InitSystemClock+0x98>)
 8000408:	6813      	ldr	r3, [r2, #0]
 800040a:	f443 3380 	orr.w	r3, r3, #65536	@ 0x10000
 800040e:	6013      	str	r3, [r2, #0]
    while (!(RCC->CR & RCC_CR_HSERDY));
 8000410:	4b22      	ldr	r3, [pc, #136]	@ (800049c <InitSystemClock+0x98>)
 8000412:	681b      	ldr	r3, [r3, #0]
 8000414:	f413 3f00 	tst.w	r3, #131072	@ 0x20000
 8000418:	d0fa      	beq.n	8000410 <InitSystemClock+0xc>

    //Enable Power Control clock and configure voltage regulator and wait for it to stabilize
    RCC->APB1ENR |= RCC_APB1ENR_PWREN;
 800041a:	4a20      	ldr	r2, [pc, #128]	@ (800049c <InitSystemClock+0x98>)
 800041c:	6c13      	ldr	r3, [r2, #64]	@ 0x40
 800041e:	f043 5380 	orr.w	r3, r3, #268435456	@ 0x10000000
 8000422:	6413      	str	r3, [r2, #64]	@ 0x40
    PWR->CR |= PWR_CR_VOS; //Scale 1 mode (default for 168MHz)
 8000424:	f5a2 32e4 	sub.w	r2, r2, #116736	@ 0x1c800
 8000428:	6813      	ldr	r3, [r2, #0]
 800042a:	f443 4380 	orr.w	r3, r3, #16384	@ 0x4000
 800042e:	6013      	str	r3, [r2, #0]
    while (!(PWR->CSR & PWR_CSR_VOSRDY));
 8000430:	4b1b      	ldr	r3, [pc, #108]	@ (80004a0 <InitSystemClock+0x9c>)
 8000432:	685b      	ldr	r3, [r3, #4]
 8000434:	f413 4f80 	tst.w	r3, #16384	@ 0x4000
 8000438:	d0fa      	beq.n	8000430 <InitSystemClock+0x2c>
    
    //Configure Flash Latency
    //168MHz requires 5 wait states
    FLASH->ACR &= ~FLASH_ACR_LATENCY;
 800043a:	4b1a      	ldr	r3, [pc, #104]	@ (80004a4 <InitSystemClock+0xa0>)
 800043c:	681a      	ldr	r2, [r3, #0]
 800043e:	f022 0207 	bic.w	r2, r2, #7
 8000442:	601a      	str	r2, [r3, #0]
    FLASH->ACR =
 8000444:	f240 7205 	movw	r2, #1797	@ 0x705
 8000448:	601a      	str	r2, [r3, #0]
      FLASH_ACR_PRFTEN |
      FLASH_ACR_LATENCY_5WS;

    //Configure Prescalers
    //AHB = 1, APB1 = 4 (Max 42MHz), APB2 = 2 (Max 84MHz)
    RCC->CFGR |= RCC_CFGR_HPRE_DIV1;
 800044a:	f5a3 6380 	sub.w	r3, r3, #1024	@ 0x400
 800044e:	689a      	ldr	r2, [r3, #8]
 8000450:	609a      	str	r2, [r3, #8]
    RCC->CFGR |= RCC_CFGR_PPRE1_DIV4;
 8000452:	689a      	ldr	r2, [r3, #8]
 8000454:	f442 52a0 	orr.w	r2, r2, #5120	@ 0x1400
 8000458:	609a      	str	r2, [r3, #8]
    RCC->CFGR |= RCC_CFGR_PPRE2_DIV2;
 800045a:	689a      	ldr	r2, [r3, #8]
 800045c:	f442 4200 	orr.w	r2, r2, #32768	@ 0x8000
 8000460:	609a      	str	r2, [r3, #8]
   
    //Configure the Main PLL
    //Example for 8MHz HSE: PLLM = 8, PLLN = 336, PLLP = 2 (SYSCLK = 168 MHz)
    RCC->PLLCFGR = (8 << RCC_PLLCFGR_PLLM_Pos) | 
 8000462:	4a11      	ldr	r2, [pc, #68]	@ (80004a8 <InitSystemClock+0xa4>)
 8000464:	605a      	str	r2, [r3, #4]
                   (336 << RCC_PLLCFGR_PLLN_Pos) | 
                   (0 << RCC_PLLCFGR_PLLP_Pos) | // 0 means PLLP = 2
                   (RCC_PLLCFGR_PLLSRC_HSE);

    //Enable the PLL and wait for it to stabilize
    RCC->CR |= RCC_CR_PLLON;
 8000466:	681a      	ldr	r2, [r3, #0]
 8000468:	f042 7280 	orr.w	r2, r2, #16777216	@ 0x1000000
 800046c:	601a      	str	r2, [r3, #0]
    while (!(RCC->CR & RCC_CR_PLLRDY));
 800046e:	4b0b      	ldr	r3, [pc, #44]	@ (800049c <InitSystemClock+0x98>)
 8000470:	681b      	ldr	r3, [r3, #0]
 8000472:	f013 7f00 	tst.w	r3, #33554432	@ 0x2000000
 8000476:	d0fa      	beq.n	800046e <InitSystemClock+0x6a>

    //Select PLL as system clock source and wait for it to stabilize
    RCC->CFGR &= ~RCC_CFGR_SW;
 8000478:	4b08      	ldr	r3, [pc, #32]	@ (800049c <InitSystemClock+0x98>)
 800047a:	689a      	ldr	r2, [r3, #8]
 800047c:	f022 0203 	bic.w	r2, r2, #3
 8000480:	609a      	str	r2, [r3, #8]
    RCC->CFGR |= RCC_CFGR_SW_PLL;
 8000482:	689a      	ldr	r2, [r3, #8]
 8000484:	f042 0202 	orr.w	r2, r2, #2
 8000488:	609a      	str	r2, [r3, #8]
    while ((RCC->CFGR & RCC_CFGR_SWS) != RCC_CFGR_SWS_PLL);
 800048a:	4b04      	ldr	r3, [pc, #16]	@ (800049c <InitSystemClock+0x98>)
 800048c:	689b      	ldr	r3, [r3, #8]
 800048e:	f003 030c 	and.w	r3, r3, #12
 8000492:	2b08      	cmp	r3, #8
 8000494:	d1f9      	bne.n	800048a <InitSystemClock+0x86>

    //Update the System Clock
    SystemCoreClockUpdate();
 8000496:	f7ff fe77 	bl	8000188 <SystemCoreClockUpdate>
    
}
 800049a:	bd08      	pop	{r3, pc}
 800049c:	40023800 	.word	0x40023800
 80004a0:	40007000 	.word	0x40007000
 80004a4:	40023c00 	.word	0x40023c00
 80004a8:	00405408 	.word	0x00405408

080004ac <GetSystemClock>:
// @brief Get the current system clock frequency
uint32_t GetSystemClock(void){

    return SystemCoreClock;

}
 80004ac:	4b01      	ldr	r3, [pc, #4]	@ (80004b4 <GetSystemClock+0x8>)
 80004ae:	6818      	ldr	r0, [r3, #0]
 80004b0:	4770      	bx	lr
 80004b2:	bf00      	nop
 80004b4:	20000000 	.word	0x20000000

080004b8 <InitSystemTime>:

/// @brief Initialize Systick Timer 
void InitSystemTime(void){

        //Loads the counter for 1ms period
        SysTick->LOAD = (SystemCoreClock / 1000) -1;
 80004b8:	4b07      	ldr	r3, [pc, #28]	@ (80004d8 <InitSystemTime+0x20>)
 80004ba:	681b      	ldr	r3, [r3, #0]
 80004bc:	4a07      	ldr	r2, [pc, #28]	@ (80004dc <InitSystemTime+0x24>)
 80004be:	fba2 2303 	umull	r2, r3, r2, r3
 80004c2:	099b      	lsrs	r3, r3, #6
 80004c4:	3b01      	subs	r3, #1
 80004c6:	f04f 22e0 	mov.w	r2, #3758153728	@ 0xe000e000
 80004ca:	6153      	str	r3, [r2, #20]

        //Reset the counter
        SysTick->VAL = 0;
 80004cc:	2300      	movs	r3, #0
 80004ce:	6193      	str	r3, [r2, #24]

        SysTick->CTRL = SysTick_CTRL_CLKSOURCE_Msk | //Processor clock 
 80004d0:	2307      	movs	r3, #7
 80004d2:	6113      	str	r3, [r2, #16]
                        SysTick_CTRL_TICKINT_Msk   | //Enable SysTick Interruption
                        SysTick_CTRL_ENABLE_Msk;    //Enable counter
}
 80004d4:	4770      	bx	lr
 80004d6:	bf00      	nop
 80004d8:	20000000 	.word	0x20000000
 80004dc:	10624dd3 	.word	0x10624dd3

080004e0 <getTime_ms>:

/// @brief Return time 1ms step 
/// @return tick elapsed time
time_ms_t getTime_ms(void){

    return tick;
 80004e0:	4b01      	ldr	r3, [pc, #4]	@ (80004e8 <getTime_ms+0x8>)
 80004e2:	6898      	ldr	r0, [r3, #8]

}
 80004e4:	4770      	bx	lr
 80004e6:	bf00      	nop
 80004e8:	20000068 	.word	0x20000068

080004ec <TIM_HWClockEnable>:

TIM_Callback_t tim_callback = 0;

void TIM_HWClockEnable(const TIM_Handle_t *tim_handle){

    if(tim_handle->timer == TIM1){
 80004ec:	6803      	ldr	r3, [r0, #0]
 80004ee:	4a1e      	ldr	r2, [pc, #120]	@ (8000568 <TIM_HWClockEnable+0x7c>)
 80004f0:	4293      	cmp	r3, r2
 80004f2:	d00f      	beq.n	8000514 <TIM_HWClockEnable+0x28>

        RCC->APB2ENR |= RCC_APB2ENR_TIM1EN;

    }
    else if (tim_handle->timer == TIM2){
 80004f4:	f1b3 4f80 	cmp.w	r3, #1073741824	@ 0x40000000
 80004f8:	d013      	beq.n	8000522 <TIM_HWClockEnable+0x36>

        RCC->APB1ENR |= RCC_APB1ENR_TIM2EN;

    }
    else if (tim_handle->timer == TIM3){
 80004fa:	4a1c      	ldr	r2, [pc, #112]	@ (800056c <TIM_HWClockEnable+0x80>)
 80004fc:	4293      	cmp	r3, r2
 80004fe:	d016      	beq.n	800052e <TIM_HWClockEnable+0x42>

        RCC->APB1ENR |= RCC_APB1ENR_TIM3EN;

    }
    else if (tim_handle->timer == TIM4){
 8000500:	4a1b      	ldr	r2, [pc, #108]	@ (8000570 <TIM_HWClockEnable+0x84>)
 8000502:	4293      	cmp	r3, r2
 8000504:	d01a      	beq.n	800053c <TIM_HWClockEnable+0x50>

        RCC->APB1ENR |= RCC_APB1ENR_TIM4EN;

    }
    else if (tim_handle->timer == TIM5){
 8000506:	4a1b      	ldr	r2, [pc, #108]	@ (8000574 <TIM_HWClockEnable+0x88>)
 8000508:	4293      	cmp	r3, r2
 800050a:	d01e      	beq.n	800054a <TIM_HWClockEnable+0x5e>

        RCC->APB1ENR |= RCC_APB1ENR_TIM5EN;

    }
    else if (tim_handle->timer == TIM8){
 800050c:	4a1a      	ldr	r2, [pc, #104]	@ (8000578 <TIM_HWClockEnable+0x8c>)
 800050e:	4293      	cmp	r3, r2
 8000510:	d022      	beq.n	8000558 <TIM_HWClockEnable+0x6c>

        RCC->APB2ENR |= RCC_APB2ENR_TIM8EN;

    }

}
 8000512:	4770      	bx	lr
        RCC->APB2ENR |= RCC_APB2ENR_TIM1EN;
 8000514:	f502 329c 	add.w	r2, r2, #79872	@ 0x13800
 8000518:	6c53      	ldr	r3, [r2, #68]	@ 0x44
 800051a:	f043 0301 	orr.w	r3, r3, #1
 800051e:	6453      	str	r3, [r2, #68]	@ 0x44
 8000520:	4770      	bx	lr
        RCC->APB1ENR |= RCC_APB1ENR_TIM2EN;
 8000522:	4a16      	ldr	r2, [pc, #88]	@ (800057c <TIM_HWClockEnable+0x90>)
 8000524:	6c13      	ldr	r3, [r2, #64]	@ 0x40
 8000526:	f043 0301 	orr.w	r3, r3, #1
 800052a:	6413      	str	r3, [r2, #64]	@ 0x40
 800052c:	4770      	bx	lr
        RCC->APB1ENR |= RCC_APB1ENR_TIM3EN;
 800052e:	f502 320d 	add.w	r2, r2, #144384	@ 0x23400
 8000532:	6c13      	ldr	r3, [r2, #64]	@ 0x40
 8000534:	f043 0302 	orr.w	r3, r3, #2
 8000538:	6413      	str	r3, [r2, #64]	@ 0x40
 800053a:	4770      	bx	lr
        RCC->APB1ENR |= RCC_APB1ENR_TIM4EN;
 800053c:	f502 320c 	add.w	r2, r2, #143360	@ 0x23000
 8000540:	6c13      	ldr	r3, [r2, #64]	@ 0x40
 8000542:	f043 0304 	orr.w	r3, r3, #4
 8000546:	6413      	str	r3, [r2, #64]	@ 0x40
 8000548:	4770      	bx	lr
        RCC->APB1ENR |= RCC_APB1ENR_TIM5EN;
 800054a:	f502 320b 	add.w	r2, r2, #142336	@ 0x22c00
 800054e:	6c13      	ldr	r3, [r2, #64]	@ 0x40
 8000550:	f043 0308 	orr.w	r3, r3, #8
 8000554:	6413      	str	r3, [r2, #64]	@ 0x40
 8000556:	4770      	bx	lr
        RCC->APB2ENR |= RCC_APB2ENR_TIM8EN;
 8000558:	f502 329a 	add.w	r2, r2, #78848	@ 0x13400
 800055c:	6c53      	ldr	r3, [r2, #68]	@ 0x44
 800055e:	f043 0302 	orr.w	r3, r3, #2
 8000562:	6453      	str	r3, [r2, #68]	@ 0x44
}
 8000564:	e7d5      	b.n	8000512 <TIM_HWClockEnable+0x26>
 8000566:	bf00      	nop
 8000568:	40010000 	.word	0x40010000
 800056c:	40000400 	.word	0x40000400
 8000570:	40000800 	.word	0x40000800
 8000574:	40000c00 	.word	0x40000c00
 8000578:	40010400 	.word	0x40010400
 800057c:	40023800 	.word	0x40023800

08000580 <TIM_BaseInit>:

void TIM_BaseInit(const TIM_Handle_t *tim_handle){

        tim_handle->timer->CR1 &= ~(TIM_CR1_CMS_Msk | TIM_CR1_DIR_Msk);
 8000580:	6802      	ldr	r2, [r0, #0]
 8000582:	6813      	ldr	r3, [r2, #0]
 8000584:	f023 0370 	bic.w	r3, r3, #112	@ 0x70
 8000588:	6013      	str	r3, [r2, #0]
        tim_handle->timer->SMCR &= ~(TIM_SMCR_SMS_Msk);
 800058a:	6802      	ldr	r2, [r0, #0]
 800058c:	6893      	ldr	r3, [r2, #8]
 800058e:	f023 0307 	bic.w	r3, r3, #7
 8000592:	6093      	str	r3, [r2, #8]
        
        tim_handle->timer->CR1 |= (tim_handle->base.timer_mode << TIM_CR1_CMS_Pos);
 8000594:	6802      	ldr	r2, [r0, #0]
 8000596:	6813      	ldr	r3, [r2, #0]
 8000598:	7901      	ldrb	r1, [r0, #4]
 800059a:	ea43 1341 	orr.w	r3, r3, r1, lsl #5
 800059e:	6013      	str	r3, [r2, #0]

        if(tim_handle->base.timer_mode == TIMER_EDGE_ALIGNED_MODE){
 80005a0:	7903      	ldrb	r3, [r0, #4]
 80005a2:	b92b      	cbnz	r3, 80005b0 <TIM_BaseInit+0x30>
            tim_handle->timer->CR1 |= (tim_handle->base.counter_direction << TIM_CR1_DIR_Pos);
 80005a4:	6802      	ldr	r2, [r0, #0]
 80005a6:	6813      	ldr	r3, [r2, #0]
 80005a8:	7981      	ldrb	r1, [r0, #6]
 80005aa:	ea43 1301 	orr.w	r3, r3, r1, lsl #4
 80005ae:	6013      	str	r3, [r2, #0]
        }

        tim_handle->timer->PSC = tim_handle->base.prescaler;
 80005b0:	6803      	ldr	r3, [r0, #0]
 80005b2:	8902      	ldrh	r2, [r0, #8]
 80005b4:	629a      	str	r2, [r3, #40]	@ 0x28
        tim_handle->timer->ARR = tim_handle->base.period;
 80005b6:	6803      	ldr	r3, [r0, #0]
 80005b8:	8942      	ldrh	r2, [r0, #10]
 80005ba:	62da      	str	r2, [r3, #44]	@ 0x2c
        tim_handle->timer->SMCR |= tim_handle->base.slave_mode << TIM_SMCR_SMS_Pos;
 80005bc:	6802      	ldr	r2, [r0, #0]
 80005be:	6893      	ldr	r3, [r2, #8]
 80005c0:	7941      	ldrb	r1, [r0, #5]
 80005c2:	430b      	orrs	r3, r1
 80005c4:	6093      	str	r3, [r2, #8]

        if(tim_handle->base.enable_update_interrupt){
 80005c6:	7b03      	ldrb	r3, [r0, #12]
 80005c8:	b14b      	cbz	r3, 80005de <TIM_BaseInit+0x5e>
            tim_handle->timer->CR1 |= TIM_CR1_URS_Msk; // Only counter overflow/underflow generates an update interrupt
 80005ca:	6802      	ldr	r2, [r0, #0]
 80005cc:	6813      	ldr	r3, [r2, #0]
 80005ce:	f043 0304 	orr.w	r3, r3, #4
 80005d2:	6013      	str	r3, [r2, #0]
            tim_handle->timer->DIER |= TIM_DIER_UIE_Msk; // Enable update interrupt
 80005d4:	6802      	ldr	r2, [r0, #0]
 80005d6:	68d3      	ldr	r3, [r2, #12]
 80005d8:	f043 0301 	orr.w	r3, r3, #1
 80005dc:	60d3      	str	r3, [r2, #12]
        }
}
 80005de:	4770      	bx	lr

080005e0 <TIM_OCInit>:

void TIM_OCInit(const TIM_Handle_t *tim_handle, TIM_Channel_t channel){
 80005e0:	b410      	push	{r4}

    switch (channel)
 80005e2:	2903      	cmp	r1, #3
 80005e4:	d83f      	bhi.n	8000666 <TIM_OCInit+0x86>
 80005e6:	e8df f011 	tbh	[pc, r1, lsl #1]
 80005ea:	0004      	.short	0x0004
 80005ec:	007e0041 	.word	0x007e0041
 80005f0:	00ba      	.short	0x00ba
        {
        case TIM_CHANNEL_1:

                tim_handle->timer->CCMR1 &= ~(TIM_CCMR1_CC1S_Msk | 
 80005f2:	6802      	ldr	r2, [r0, #0]
 80005f4:	6993      	ldr	r3, [r2, #24]
 80005f6:	f023 037f 	bic.w	r3, r3, #127	@ 0x7f
 80005fa:	6193      	str	r3, [r2, #24]
                                            TIM_CCMR1_OC1M_Msk  | 
                                            TIM_CCMR1_OC1PE_Msk | 
                                            TIM_CCMR1_OC1FE_Msk);
                tim_handle->timer->CCER &= ~(TIM_CCER_CC1P_Msk | 
 80005fc:	6802      	ldr	r2, [r0, #0]
 80005fe:	6a13      	ldr	r3, [r2, #32]
 8000600:	f023 030f 	bic.w	r3, r3, #15
 8000604:	6213      	str	r3, [r2, #32]
                                            TIM_CCER_CC1E_Msk | 
                                            TIM_CCER_CC1NP_Msk | 
                                            TIM_CCER_CC1NE_Msk);

                tim_handle->timer->CCMR1 |= (tim_handle->channels.channel[channel].cc_mode << TIM_CCMR1_CC1S_Pos);
 8000606:	6804      	ldr	r4, [r0, #0]
 8000608:	69a2      	ldr	r2, [r4, #24]
 800060a:	230a      	movs	r3, #10
 800060c:	fb03 0301 	mla	r3, r3, r1, r0
 8000610:	7b99      	ldrb	r1, [r3, #14]
 8000612:	430a      	orrs	r2, r1
 8000614:	61a2      	str	r2, [r4, #24]
                tim_handle->timer->CCMR1 |= (tim_handle->channels.channel[channel].oc_mode << TIM_CCMR1_OC1M_Pos);
 8000616:	6801      	ldr	r1, [r0, #0]
 8000618:	698a      	ldr	r2, [r1, #24]
 800061a:	7bdc      	ldrb	r4, [r3, #15]
 800061c:	ea42 1204 	orr.w	r2, r2, r4, lsl #4
 8000620:	618a      	str	r2, [r1, #24]
                tim_handle->timer->CCMR1 |= (tim_handle->channels.channel[channel].oc_preload_enable << TIM_CCMR1_OC1PE_Pos);
 8000622:	6801      	ldr	r1, [r0, #0]
 8000624:	698a      	ldr	r2, [r1, #24]
 8000626:	7c1c      	ldrb	r4, [r3, #16]
 8000628:	ea42 02c4 	orr.w	r2, r2, r4, lsl #3
 800062c:	618a      	str	r2, [r1, #24]
                tim_handle->timer->CCMR1 |= (tim_handle->channels.channel[channel].oc_fast_enable << TIM_CCMR1_OC1FE_Pos);
 800062e:	6801      	ldr	r1, [r0, #0]
 8000630:	698a      	ldr	r2, [r1, #24]
 8000632:	7c5c      	ldrb	r4, [r3, #17]
 8000634:	ea42 0284 	orr.w	r2, r2, r4, lsl #2
 8000638:	618a      	str	r2, [r1, #24]
                tim_handle->timer->CCER |= (tim_handle->channels.channel[channel].cc_output_polarity << TIM_CCER_CC1P_Pos) | (tim_handle->channels.channel[channel].cc_output_enable << TIM_CCER_CC1E_Pos);
 800063a:	6804      	ldr	r4, [r0, #0]
 800063c:	6a22      	ldr	r2, [r4, #32]
 800063e:	f893 c012 	ldrb.w	ip, [r3, #18]
 8000642:	7d19      	ldrb	r1, [r3, #20]
 8000644:	ea41 014c 	orr.w	r1, r1, ip, lsl #1
 8000648:	430a      	orrs	r2, r1
 800064a:	6222      	str	r2, [r4, #32]
                tim_handle->timer->CCER |= (tim_handle->channels.channel[channel].cc_complementary_output_polarity << TIM_CCER_CC1NP_Pos) | (tim_handle->channels.channel[channel].cc_complementary_output_enable << TIM_CCER_CC1NE_Pos);
 800064c:	6804      	ldr	r4, [r0, #0]
 800064e:	6a21      	ldr	r1, [r4, #32]
 8000650:	f893 c013 	ldrb.w	ip, [r3, #19]
 8000654:	7d5a      	ldrb	r2, [r3, #21]
 8000656:	0092      	lsls	r2, r2, #2
 8000658:	ea42 02cc 	orr.w	r2, r2, ip, lsl #3
 800065c:	430a      	orrs	r2, r1
 800065e:	6222      	str	r2, [r4, #32]

                tim_handle->timer->CCR1 = tim_handle->channels.channel[channel].compare;
 8000660:	6802      	ldr	r2, [r0, #0]
 8000662:	8adb      	ldrh	r3, [r3, #22]
 8000664:	6353      	str	r3, [r2, #52]	@ 0x34
                break;
        
        default:
            break;
    }
}
 8000666:	f85d 4b04 	ldr.w	r4, [sp], #4
 800066a:	4770      	bx	lr
                tim_handle->timer->CCMR1 &= ~(TIM_CCMR1_CC2S_Msk | 
 800066c:	6802      	ldr	r2, [r0, #0]
 800066e:	6993      	ldr	r3, [r2, #24]
 8000670:	f423 43fe 	bic.w	r3, r3, #32512	@ 0x7f00
 8000674:	6193      	str	r3, [r2, #24]
                tim_handle->timer->CCER &= ~(TIM_CCER_CC2P_Msk | 
 8000676:	6802      	ldr	r2, [r0, #0]
 8000678:	6a13      	ldr	r3, [r2, #32]
 800067a:	f023 03f0 	bic.w	r3, r3, #240	@ 0xf0
 800067e:	6213      	str	r3, [r2, #32]
                tim_handle->timer->CCMR1 |= (tim_handle->channels.channel[channel].cc_mode << TIM_CCMR1_CC2S_Pos);
 8000680:	6802      	ldr	r2, [r0, #0]
 8000682:	6993      	ldr	r3, [r2, #24]
 8000684:	240a      	movs	r4, #10
 8000686:	fb04 0101 	mla	r1, r4, r1, r0
 800068a:	7b8c      	ldrb	r4, [r1, #14]
 800068c:	ea43 2304 	orr.w	r3, r3, r4, lsl #8
 8000690:	6193      	str	r3, [r2, #24]
                tim_handle->timer->CCMR1 |= (tim_handle->channels.channel[channel].oc_mode << TIM_CCMR1_OC2M_Pos);
 8000692:	6802      	ldr	r2, [r0, #0]
 8000694:	6993      	ldr	r3, [r2, #24]
 8000696:	7bcc      	ldrb	r4, [r1, #15]
 8000698:	ea43 3304 	orr.w	r3, r3, r4, lsl #12
 800069c:	6193      	str	r3, [r2, #24]
                tim_handle->timer->CCMR1 |= (tim_handle->channels.channel[channel].oc_preload_enable << TIM_CCMR1_OC2PE_Pos);
 800069e:	6802      	ldr	r2, [r0, #0]
 80006a0:	6993      	ldr	r3, [r2, #24]
 80006a2:	7c0c      	ldrb	r4, [r1, #16]
 80006a4:	ea43 23c4 	orr.w	r3, r3, r4, lsl #11
 80006a8:	6193      	str	r3, [r2, #24]
                tim_handle->timer->CCMR1 |= (tim_handle->channels.channel[channel].oc_fast_enable << TIM_CCMR1_OC2FE_Pos);
 80006aa:	6802      	ldr	r2, [r0, #0]
 80006ac:	6993      	ldr	r3, [r2, #24]
 80006ae:	7c4c      	ldrb	r4, [r1, #17]
 80006b0:	ea43 2384 	orr.w	r3, r3, r4, lsl #10
 80006b4:	6193      	str	r3, [r2, #24]
                tim_handle->timer->CCER |= (tim_handle->channels.channel[channel].cc_output_polarity << TIM_CCER_CC2P_Pos) | (tim_handle->channels.channel[channel].cc_output_enable << TIM_CCER_CC2E_Pos);
 80006b6:	6804      	ldr	r4, [r0, #0]
 80006b8:	6a22      	ldr	r2, [r4, #32]
 80006ba:	f891 c012 	ldrb.w	ip, [r1, #18]
 80006be:	7d0b      	ldrb	r3, [r1, #20]
 80006c0:	011b      	lsls	r3, r3, #4
 80006c2:	ea43 134c 	orr.w	r3, r3, ip, lsl #5
 80006c6:	4313      	orrs	r3, r2
 80006c8:	6223      	str	r3, [r4, #32]
                tim_handle->timer->CCER |= (tim_handle->channels.channel[channel].cc_complementary_output_polarity << TIM_CCER_CC2NP_Pos) | (tim_handle->channels.channel[channel].cc_complementary_output_enable << TIM_CCER_CC2NE_Pos);
 80006ca:	6804      	ldr	r4, [r0, #0]
 80006cc:	6a22      	ldr	r2, [r4, #32]
 80006ce:	f891 c013 	ldrb.w	ip, [r1, #19]
 80006d2:	7d4b      	ldrb	r3, [r1, #21]
 80006d4:	019b      	lsls	r3, r3, #6
 80006d6:	ea43 13cc 	orr.w	r3, r3, ip, lsl #7
 80006da:	4313      	orrs	r3, r2
 80006dc:	6223      	str	r3, [r4, #32]
                tim_handle->timer->CCR2 = tim_handle->channels.channel[channel].compare;
 80006de:	6803      	ldr	r3, [r0, #0]
 80006e0:	8aca      	ldrh	r2, [r1, #22]
 80006e2:	639a      	str	r2, [r3, #56]	@ 0x38
            break;
 80006e4:	e7bf      	b.n	8000666 <TIM_OCInit+0x86>
                tim_handle->timer->CCMR2 &= ~(TIM_CCMR2_CC3S_Msk | 
 80006e6:	6802      	ldr	r2, [r0, #0]
 80006e8:	69d3      	ldr	r3, [r2, #28]
 80006ea:	f023 037f 	bic.w	r3, r3, #127	@ 0x7f
 80006ee:	61d3      	str	r3, [r2, #28]
                tim_handle->timer->CCER &= ~(TIM_CCER_CC3P_Msk | 
 80006f0:	6802      	ldr	r2, [r0, #0]
 80006f2:	6a13      	ldr	r3, [r2, #32]
 80006f4:	f423 6370 	bic.w	r3, r3, #3840	@ 0xf00
 80006f8:	6213      	str	r3, [r2, #32]
                tim_handle->timer->CCMR2 |= (tim_handle->channels.channel[channel].cc_mode << TIM_CCMR2_CC3S_Pos);
 80006fa:	6802      	ldr	r2, [r0, #0]
 80006fc:	69d3      	ldr	r3, [r2, #28]
 80006fe:	240a      	movs	r4, #10
 8000700:	fb04 0101 	mla	r1, r4, r1, r0
 8000704:	7b8c      	ldrb	r4, [r1, #14]
 8000706:	4323      	orrs	r3, r4
 8000708:	61d3      	str	r3, [r2, #28]
                tim_handle->timer->CCMR2 |= (tim_handle->channels.channel[channel].oc_mode << TIM_CCMR2_OC3M_Pos);
 800070a:	6802      	ldr	r2, [r0, #0]
 800070c:	69d3      	ldr	r3, [r2, #28]
 800070e:	7bcc      	ldrb	r4, [r1, #15]
 8000710:	ea43 1304 	orr.w	r3, r3, r4, lsl #4
 8000714:	61d3      	str	r3, [r2, #28]
                tim_handle->timer->CCMR2 |= (tim_handle->channels.channel[channel].oc_preload_enable << TIM_CCMR2_OC3PE_Pos);
 8000716:	6802      	ldr	r2, [r0, #0]
 8000718:	69d3      	ldr	r3, [r2, #28]
 800071a:	7c0c      	ldrb	r4, [r1, #16]
 800071c:	ea43 03c4 	orr.w	r3, r3, r4, lsl #3
 8000720:	61d3      	str	r3, [r2, #28]
                tim_handle->timer->CCMR2 |= (tim_handle->channels.channel[channel].oc_fast_enable << TIM_CCMR2_OC3FE_Pos);
 8000722:	6802      	ldr	r2, [r0, #0]
 8000724:	69d3      	ldr	r3, [r2, #28]
 8000726:	7c4c      	ldrb	r4, [r1, #17]
 8000728:	ea43 0384 	orr.w	r3, r3, r4, lsl #2
 800072c:	61d3      	str	r3, [r2, #28]
                tim_handle->timer->CCER |= (tim_handle->channels.channel[channel].cc_output_polarity << TIM_CCER_CC3P_Pos) | (tim_handle->channels.channel[channel].cc_output_enable << TIM_CCER_CC3E_Pos);
 800072e:	6804      	ldr	r4, [r0, #0]
 8000730:	6a22      	ldr	r2, [r4, #32]
 8000732:	f891 c012 	ldrb.w	ip, [r1, #18]
 8000736:	7d0b      	ldrb	r3, [r1, #20]
 8000738:	021b      	lsls	r3, r3, #8
 800073a:	ea43 234c 	orr.w	r3, r3, ip, lsl #9
 800073e:	4313      	orrs	r3, r2
 8000740:	6223      	str	r3, [r4, #32]
                tim_handle->timer->CCER |= (tim_handle->channels.channel[channel].cc_complementary_output_polarity << TIM_CCER_CC3NP_Pos) | (tim_handle->channels.channel[channel].cc_complementary_output_enable << TIM_CCER_CC3NE_Pos);
 8000742:	6804      	ldr	r4, [r0, #0]
 8000744:	6a22      	ldr	r2, [r4, #32]
 8000746:	f891 c013 	ldrb.w	ip, [r1, #19]
 800074a:	7d4b      	ldrb	r3, [r1, #21]
 800074c:	029b      	lsls	r3, r3, #10
 800074e:	ea43 23cc 	orr.w	r3, r3, ip, lsl #11
 8000752:	4313      	orrs	r3, r2
 8000754:	6223      	str	r3, [r4, #32]
                tim_handle->timer->CCR3 = tim_handle->channels.channel[channel].compare;
 8000756:	6803      	ldr	r3, [r0, #0]
 8000758:	8aca      	ldrh	r2, [r1, #22]
 800075a:	63da      	str	r2, [r3, #60]	@ 0x3c
            break;  
 800075c:	e783      	b.n	8000666 <TIM_OCInit+0x86>
                tim_handle->timer->CCMR2 &= ~(TIM_CCMR2_CC4S_Msk | 
 800075e:	6802      	ldr	r2, [r0, #0]
 8000760:	69d3      	ldr	r3, [r2, #28]
 8000762:	f423 43fe 	bic.w	r3, r3, #32512	@ 0x7f00
 8000766:	61d3      	str	r3, [r2, #28]
                tim_handle->timer->CCER &= ~(TIM_CCER_CC4P_Msk | 
 8000768:	6802      	ldr	r2, [r0, #0]
 800076a:	6a13      	ldr	r3, [r2, #32]
 800076c:	f423 5340 	bic.w	r3, r3, #12288	@ 0x3000
 8000770:	6213      	str	r3, [r2, #32]
                tim_handle->timer->CCMR2 |= (tim_handle->channels.channel[channel].cc_mode << TIM_CCMR2_CC4S_Pos);
 8000772:	6802      	ldr	r2, [r0, #0]
 8000774:	69d3      	ldr	r3, [r2, #28]
 8000776:	240a      	movs	r4, #10
 8000778:	fb04 0101 	mla	r1, r4, r1, r0
 800077c:	7b8c      	ldrb	r4, [r1, #14]
 800077e:	ea43 2304 	orr.w	r3, r3, r4, lsl #8
 8000782:	61d3      	str	r3, [r2, #28]
                tim_handle->timer->CCMR2 |= (tim_handle->channels.channel[channel].oc_mode << TIM_CCMR2_OC4M_Pos);
 8000784:	6802      	ldr	r2, [r0, #0]
 8000786:	69d3      	ldr	r3, [r2, #28]
 8000788:	7bcc      	ldrb	r4, [r1, #15]
 800078a:	ea43 3304 	orr.w	r3, r3, r4, lsl #12
 800078e:	61d3      	str	r3, [r2, #28]
                tim_handle->timer->CCMR2 |= (tim_handle->channels.channel[channel].oc_preload_enable << TIM_CCMR2_OC4PE_Pos);
 8000790:	6802      	ldr	r2, [r0, #0]
 8000792:	69d3      	ldr	r3, [r2, #28]
 8000794:	7c0c      	ldrb	r4, [r1, #16]
 8000796:	ea43 23c4 	orr.w	r3, r3, r4, lsl #11
 800079a:	61d3      	str	r3, [r2, #28]
                tim_handle->timer->CCMR2 |= (tim_handle->channels.channel[channel].oc_fast_enable << TIM_CCMR2_OC4FE_Pos);
 800079c:	6802      	ldr	r2, [r0, #0]
 800079e:	69d3      	ldr	r3, [r2, #28]
 80007a0:	7c4c      	ldrb	r4, [r1, #17]
 80007a2:	ea43 2384 	orr.w	r3, r3, r4, lsl #10
 80007a6:	61d3      	str	r3, [r2, #28]
                tim_handle->timer->CCER |= (tim_handle->channels.channel[channel].cc_output_polarity << TIM_CCER_CC4P_Pos) | (tim_handle->channels.channel[channel].cc_output_enable << TIM_CCER_CC4E_Pos);
 80007a8:	6804      	ldr	r4, [r0, #0]
 80007aa:	6a22      	ldr	r2, [r4, #32]
 80007ac:	f891 c012 	ldrb.w	ip, [r1, #18]
 80007b0:	7d0b      	ldrb	r3, [r1, #20]
 80007b2:	031b      	lsls	r3, r3, #12
 80007b4:	ea43 334c 	orr.w	r3, r3, ip, lsl #13
 80007b8:	4313      	orrs	r3, r2
 80007ba:	6223      	str	r3, [r4, #32]
                tim_handle->timer->CCR4 = tim_handle->channels.channel[channel].compare;
 80007bc:	6803      	ldr	r3, [r0, #0]
 80007be:	8aca      	ldrh	r2, [r1, #22]
 80007c0:	641a      	str	r2, [r3, #64]	@ 0x40
}
 80007c2:	e750      	b.n	8000666 <TIM_OCInit+0x86>

080007c4 <TIM_BDTRInit>:

void TIM_BDTRInit(const TIM_Handle_t *tim_handle){

    tim_handle->timer->BDTR &= ~(TIM_BDTR_MOE_Msk | 
 80007c4:	6802      	ldr	r2, [r0, #0]
 80007c6:	6c53      	ldr	r3, [r2, #68]	@ 0x44
 80007c8:	f423 437c 	bic.w	r3, r3, #64512	@ 0xfc00
 80007cc:	f023 03ff 	bic.w	r3, r3, #255	@ 0xff
 80007d0:	6453      	str	r3, [r2, #68]	@ 0x44
                                TIM_BDTR_BKE_Msk | 
                                TIM_BDTR_OSSR_Msk | 
                                TIM_BDTR_OSSI_Msk | 
                                TIM_BDTR_DTG_Msk);

    tim_handle->timer->BDTR |= (tim_handle->bdtr.MOE << TIM_BDTR_MOE_Pos) |
 80007d2:	6801      	ldr	r1, [r0, #0]
 80007d4:	6c4a      	ldr	r2, [r1, #68]	@ 0x44
 80007d6:	f890 c036 	ldrb.w	ip, [r0, #54]	@ 0x36
                               (tim_handle->bdtr.AOE << TIM_BDTR_AOE_Pos) |
 80007da:	f890 3037 	ldrb.w	r3, [r0, #55]	@ 0x37
 80007de:	039b      	lsls	r3, r3, #14
    tim_handle->timer->BDTR |= (tim_handle->bdtr.MOE << TIM_BDTR_MOE_Pos) |
 80007e0:	ea43 33cc 	orr.w	r3, r3, ip, lsl #15
                               (tim_handle->bdtr.BKP << TIM_BDTR_BKP_Pos) |
 80007e4:	f890 c038 	ldrb.w	ip, [r0, #56]	@ 0x38
                               (tim_handle->bdtr.AOE << TIM_BDTR_AOE_Pos) |
 80007e8:	ea43 334c 	orr.w	r3, r3, ip, lsl #13
                               (tim_handle->bdtr.BKE << TIM_BDTR_BKE_Pos) |
 80007ec:	f890 c039 	ldrb.w	ip, [r0, #57]	@ 0x39
                               (tim_handle->bdtr.BKP << TIM_BDTR_BKP_Pos) |
 80007f0:	ea43 330c 	orr.w	r3, r3, ip, lsl #12
                               (tim_handle->bdtr.OSSR << TIM_BDTR_OSSR_Pos) |
 80007f4:	f890 c03a 	ldrb.w	ip, [r0, #58]	@ 0x3a
                               (tim_handle->bdtr.BKE << TIM_BDTR_BKE_Pos) |
 80007f8:	ea43 23cc 	orr.w	r3, r3, ip, lsl #11
                               (tim_handle->bdtr.OSSI << TIM_BDTR_OSSI_Pos) |
 80007fc:	f890 c03b 	ldrb.w	ip, [r0, #59]	@ 0x3b
                               (tim_handle->bdtr.OSSR << TIM_BDTR_OSSR_Pos) |
 8000800:	ea43 238c 	orr.w	r3, r3, ip, lsl #10
                               (tim_handle->bdtr.DTG << TIM_BDTR_DTG_Pos);
 8000804:	f890 003c 	ldrb.w	r0, [r0, #60]	@ 0x3c
                               (tim_handle->bdtr.OSSI << TIM_BDTR_OSSI_Pos) |
 8000808:	4303      	orrs	r3, r0
    tim_handle->timer->BDTR |= (tim_handle->bdtr.MOE << TIM_BDTR_MOE_Pos) |
 800080a:	4313      	orrs	r3, r2
 800080c:	644b      	str	r3, [r1, #68]	@ 0x44

}
 800080e:	4770      	bx	lr

08000810 <TIM_Start>:

void TIM_Start(const TIM_Handle_t *tim_handle){

    tim_handle->timer->CR1 |= TIM_CR1_CEN_Msk;
 8000810:	6802      	ldr	r2, [r0, #0]
 8000812:	6813      	ldr	r3, [r2, #0]
 8000814:	f043 0301 	orr.w	r3, r3, #1
 8000818:	6013      	str	r3, [r2, #0]

}
 800081a:	4770      	bx	lr

0800081c <ThreePhaseControl_Start>:
    PHASES_PWM_HANDLE.channels.channel[PhaseChannels.ch[phase]].compare = compare;
    TIM_UpdateCompare(&PHASES_PWM_HANDLE, PhaseChannels.ch[phase], compare);

}

void ThreePhaseControl_Start(void){
 800081c:	b508      	push	{r3, lr}

    TIM_Start(&PHASES_PWM_HANDLE);
 800081e:	4802      	ldr	r0, [pc, #8]	@ (8000828 <ThreePhaseControl_Start+0xc>)
 8000820:	f7ff fff6 	bl	8000810 <TIM_Start>

}
 8000824:	bd08      	pop	{r3, pc}
 8000826:	bf00      	nop
 8000828:	20000004 	.word	0x20000004

0800082c <TIM_UpdateCompare>:

}

void TIM_UpdateCompare(const TIM_Handle_t *tim_handle, TIM_Channel_t channel, uint16_t compare){

    switch(channel){
 800082c:	2903      	cmp	r1, #3
 800082e:	d80e      	bhi.n	800084e <TIM_UpdateCompare+0x22>
 8000830:	e8df f001 	tbb	[pc, r1]
 8000834:	0b080502 	.word	0x0b080502
        case TIM_CHANNEL_1:
            tim_handle->timer->CCR1 = compare;
 8000838:	6803      	ldr	r3, [r0, #0]
 800083a:	635a      	str	r2, [r3, #52]	@ 0x34
            break;
 800083c:	4770      	bx	lr
        case TIM_CHANNEL_2:
            tim_handle->timer->CCR2 = compare;
 800083e:	6803      	ldr	r3, [r0, #0]
 8000840:	639a      	str	r2, [r3, #56]	@ 0x38
            break;
 8000842:	4770      	bx	lr
        case TIM_CHANNEL_3:
            tim_handle->timer->CCR3 = compare;
 8000844:	6803      	ldr	r3, [r0, #0]
 8000846:	63da      	str	r2, [r3, #60]	@ 0x3c
            break;
 8000848:	4770      	bx	lr
        case TIM_CHANNEL_4:
            tim_handle->timer->CCR4 = compare;
 800084a:	6803      	ldr	r3, [r0, #0]
 800084c:	641a      	str	r2, [r3, #64]	@ 0x40
            break;
        default:
            break;
    }

}
 800084e:	4770      	bx	lr

08000850 <ThreePhaseControl_UpdatePhase>:
void ThreePhaseControl_UpdatePhase(enum motor_phases phase, uint16_t compare){
 8000850:	b508      	push	{r3, lr}
 8000852:	460a      	mov	r2, r1
    PHASES_PWM_HANDLE.channels.channel[PhaseChannels.ch[phase]].compare = compare;
 8000854:	4b06      	ldr	r3, [pc, #24]	@ (8000870 <ThreePhaseControl_UpdatePhase+0x20>)
 8000856:	4403      	add	r3, r0
 8000858:	7c19      	ldrb	r1, [r3, #16]
 800085a:	4806      	ldr	r0, [pc, #24]	@ (8000874 <ThreePhaseControl_UpdatePhase+0x24>)
 800085c:	eb01 0381 	add.w	r3, r1, r1, lsl #2
 8000860:	eb00 0343 	add.w	r3, r0, r3, lsl #1
 8000864:	835a      	strh	r2, [r3, #26]
    TIM_UpdateCompare(&PHASES_PWM_HANDLE, PhaseChannels.ch[phase], compare);
 8000866:	3004      	adds	r0, #4
 8000868:	f7ff ffe0 	bl	800082c <TIM_UpdateCompare>
}
 800086c:	bd08      	pop	{r3, pc}
 800086e:	bf00      	nop
 8000870:	08000f24 	.word	0x08000f24
 8000874:	20000000 	.word	0x20000000

08000878 <SWave_UpdatePhaseCompareValues>:

void SWave_UpdatePhaseCompareValues(void){
 8000878:	b570      	push	{r4, r5, r6, lr}

    uint16_t idx_phase_A = 0;
    uint16_t idx_phase_B = 0;
    uint16_t idx_phase_C = 0;

    idx_phase_A = (phase_accumulator >> LUT_INDEX_SHIFT);
 800087a:	4a0e      	ldr	r2, [pc, #56]	@ (80008b4 <SWave_UpdatePhaseCompareValues+0x3c>)
 800087c:	6853      	ldr	r3, [r2, #4]
 800087e:	0d5b      	lsrs	r3, r3, #21
    idx_phase_B = (phase_accumulator + PHASE_120) >> LUT_INDEX_SHIFT;
 8000880:	6855      	ldr	r5, [r2, #4]
 8000882:	f105 3555 	add.w	r5, r5, #1431655765	@ 0x55555555
 8000886:	0d6d      	lsrs	r5, r5, #21
    idx_phase_C = (phase_accumulator + PHASE_240) >> LUT_INDEX_SHIFT;
 8000888:	6854      	ldr	r4, [r2, #4]
 800088a:	f104 34aa 	add.w	r4, r4, #2863311530	@ 0xaaaaaaaa
 800088e:	0d64      	lsrs	r4, r4, #21

    ThreePhaseControl_UpdatePhase(UPHASE, lut[idx_phase_A]);
 8000890:	4e09      	ldr	r6, [pc, #36]	@ (80008b8 <SWave_UpdatePhaseCompareValues+0x40>)
 8000892:	f836 1013 	ldrh.w	r1, [r6, r3, lsl #1]
 8000896:	2000      	movs	r0, #0
 8000898:	f7ff ffda 	bl	8000850 <ThreePhaseControl_UpdatePhase>
    ThreePhaseControl_UpdatePhase(VPHASE, lut[idx_phase_B]);
 800089c:	f836 1015 	ldrh.w	r1, [r6, r5, lsl #1]
 80008a0:	2001      	movs	r0, #1
 80008a2:	f7ff ffd5 	bl	8000850 <ThreePhaseControl_UpdatePhase>
    ThreePhaseControl_UpdatePhase(WPHASE, lut[idx_phase_C]);
 80008a6:	f836 1014 	ldrh.w	r1, [r6, r4, lsl #1]
 80008aa:	2002      	movs	r0, #2
 80008ac:	f7ff ffd0 	bl	8000850 <ThreePhaseControl_UpdatePhase>

}
 80008b0:	bd70      	pop	{r4, r5, r6, pc}
 80008b2:	bf00      	nop
 80008b4:	20000068 	.word	0x20000068
 80008b8:	08000f38 	.word	0x08000f38

080008bc <SWave_CallbackHandler>:

void SWave_CallbackHandler(void){
 80008bc:	b508      	push	{r3, lr}

    SWave_UpdatePhaseAccumulator();
 80008be:	f7ff fd98 	bl	80003f2 <SWave_UpdatePhaseAccumulator>
    SWave_UpdatePhaseCompareValues();
 80008c2:	f7ff ffd9 	bl	8000878 <SWave_UpdatePhaseCompareValues>

}
 80008c6:	bd08      	pop	{r3, pc}

080008c8 <TIM_MasterOCEnable>:

void TIM_MasterOCEnable(const TIM_Handle_t *tim_handle){

    tim_handle->timer->BDTR |= TIM_BDTR_MOE_Msk;
 80008c8:	6802      	ldr	r2, [r0, #0]
 80008ca:	6c53      	ldr	r3, [r2, #68]	@ 0x44
 80008cc:	f443 4300 	orr.w	r3, r3, #32768	@ 0x8000
 80008d0:	6453      	str	r3, [r2, #68]	@ 0x44

}
 80008d2:	4770      	bx	lr

080008d4 <ThreePhaseControl_MasterOutputEnable>:

    TIM_Stop(&PHASES_PWM_HANDLE);

}

void ThreePhaseControl_MasterOutputEnable(void){
 80008d4:	b508      	push	{r3, lr}

    PHASES_PWM_HANDLE.bdtr.MOE = true;
 80008d6:	4804      	ldr	r0, [pc, #16]	@ (80008e8 <ThreePhaseControl_MasterOutputEnable+0x14>)
 80008d8:	2301      	movs	r3, #1
 80008da:	f880 303a 	strb.w	r3, [r0, #58]	@ 0x3a
    TIM_MasterOCEnable(&PHASES_PWM_HANDLE);
 80008de:	3004      	adds	r0, #4
 80008e0:	f7ff fff2 	bl	80008c8 <TIM_MasterOCEnable>

}
 80008e4:	bd08      	pop	{r3, pc}
 80008e6:	bf00      	nop
 80008e8:	20000000 	.word	0x20000000

080008ec <ThreePhaseControl_Init>:
void ThreePhaseControl_Init(void){
 80008ec:	b538      	push	{r3, r4, r5, lr}
    GPIO_EnableClock(&GPIO_UPHASE);
 80008ee:	4c18      	ldr	r4, [pc, #96]	@ (8000950 <ThreePhaseControl_Init+0x64>)
 80008f0:	f104 0544 	add.w	r5, r4, #68	@ 0x44
 80008f4:	4628      	mov	r0, r5
 80008f6:	f7ff fd02 	bl	80002fe <GPIO_EnableClock>
    GPIO_Init(&GPIO_UPHASE);
 80008fa:	4628      	mov	r0, r5
 80008fc:	f7ff fc94 	bl	8000228 <GPIO_Init>
    GPIO_Init(&GPIO_VPHASE);
 8000900:	f104 0050 	add.w	r0, r4, #80	@ 0x50
 8000904:	f7ff fc90 	bl	8000228 <GPIO_Init>
    GPIO_Init(&GPIO_WPHASE);
 8000908:	f104 005c 	add.w	r0, r4, #92	@ 0x5c
 800090c:	f7ff fc8c 	bl	8000228 <GPIO_Init>
    TIM_HWClockEnable(&PHASES_PWM_HANDLE);
 8000910:	3404      	adds	r4, #4
 8000912:	4620      	mov	r0, r4
 8000914:	f7ff fdea 	bl	80004ec <TIM_HWClockEnable>
    TIM_BaseInit(&PHASES_PWM_HANDLE);
 8000918:	4620      	mov	r0, r4
 800091a:	f7ff fe31 	bl	8000580 <TIM_BaseInit>
    TIM_OCInit(&PHASES_PWM_HANDLE, PhaseChannels.ch[UPHASE]);
 800091e:	2100      	movs	r1, #0
 8000920:	4620      	mov	r0, r4
 8000922:	f7ff fe5d 	bl	80005e0 <TIM_OCInit>
    TIM_OCInit(&PHASES_PWM_HANDLE, PhaseChannels.ch[VPHASE]);
 8000926:	2101      	movs	r1, #1
 8000928:	4620      	mov	r0, r4
 800092a:	f7ff fe59 	bl	80005e0 <TIM_OCInit>
    TIM_OCInit(&PHASES_PWM_HANDLE, PhaseChannels.ch[WPHASE]);
 800092e:	2102      	movs	r1, #2
 8000930:	4620      	mov	r0, r4
 8000932:	f7ff fe55 	bl	80005e0 <TIM_OCInit>
    TIM_BDTRInit(&PHASES_PWM_HANDLE);
 8000936:	4620      	mov	r0, r4
 8000938:	f7ff ff44 	bl	80007c4 <TIM_BDTRInit>
    ThreePhaseControl_MasterOutputEnable();
 800093c:	f7ff ffca 	bl	80008d4 <ThreePhaseControl_MasterOutputEnable>
 */
__STATIC_INLINE void __NVIC_SetPriority(IRQn_Type IRQn, uint32_t priority)
{
  if ((int32_t)(IRQn) >= 0)
  {
    NVIC->IP[((uint32_t)IRQn)]               = (uint8_t)((priority << (8U - __NVIC_PRIO_BITS)) & (uint32_t)0xFFUL);
 8000940:	4b04      	ldr	r3, [pc, #16]	@ (8000954 <ThreePhaseControl_Init+0x68>)
 8000942:	2220      	movs	r2, #32
 8000944:	f883 2319 	strb.w	r2, [r3, #793]	@ 0x319
    NVIC->ISER[(((uint32_t)IRQn) >> 5UL)] = (uint32_t)(1UL << (((uint32_t)IRQn) & 0x1FUL));
 8000948:	f04f 7200 	mov.w	r2, #33554432	@ 0x2000000
 800094c:	601a      	str	r2, [r3, #0]
}
 800094e:	bd38      	pop	{r3, r4, r5, pc}
 8000950:	20000000 	.word	0x20000000
 8000954:	e000e100 	.word	0xe000e100

08000958 <TIM_CallbackRegister>:

    tim_handle->timer->BDTR &= ~TIM_BDTR_MOE_Msk;

}

void TIM_CallbackRegister(TIM_Callback_t callback){
 8000958:	b082      	sub	sp, #8
 800095a:	9001      	str	r0, [sp, #4]

    tim_callback = callback;
 800095c:	9a01      	ldr	r2, [sp, #4]
 800095e:	4b02      	ldr	r3, [pc, #8]	@ (8000968 <TIM_CallbackRegister+0x10>)
 8000960:	60da      	str	r2, [r3, #12]

}
 8000962:	b002      	add	sp, #8
 8000964:	4770      	bx	lr
 8000966:	bf00      	nop
 8000968:	20000068 	.word	0x20000068

0800096c <ThreePhaseControl_RegisterCallback>:

    return TIM_GetPWMFrequency(&PHASES_PWM_HANDLE);

}

void ThreePhaseControl_RegisterCallback(TIM_Callback_t callback){
 800096c:	b500      	push	{lr}
 800096e:	b083      	sub	sp, #12
 8000970:	9001      	str	r0, [sp, #4]

    TIM_CallbackRegister(callback);
 8000972:	9801      	ldr	r0, [sp, #4]
 8000974:	f7ff fff0 	bl	8000958 <TIM_CallbackRegister>

}
 8000978:	b003      	add	sp, #12
 800097a:	f85d fb04 	ldr.w	pc, [sp], #4

0800097e <SWave_CallbackRegister>:

void SWave_CallbackRegister(void){
 800097e:	b508      	push	{r3, lr}

    ThreePhaseControl_RegisterCallback(SWave_CallbackHandler);
 8000980:	4801      	ldr	r0, [pc, #4]	@ (8000988 <SWave_CallbackRegister+0xa>)
 8000982:	f7ff fff3 	bl	800096c <ThreePhaseControl_RegisterCallback>

}
 8000986:	bd08      	pop	{r3, pc}
 8000988:	080008bd 	.word	0x080008bd

0800098c <SWave_init>:

void SWave_init(void){
 800098c:	b508      	push	{r3, lr}

    SWave_CallbackRegister();
 800098e:	f7ff fff6 	bl	800097e <SWave_CallbackRegister>

 8000992:	bd08      	pop	{r3, pc}

08000994 <TIM_GetPWMFrequency>:

uint32_t TIM_GetPWMFrequency(const TIM_Handle_t *tim_handle){
 8000994:	b510      	push	{r4, lr}
 8000996:	4604      	mov	r4, r0

    uint32_t pwm_frequency = 0;
    if(tim_handle->base.timer_mode == TIMER_EDGE_ALIGNED_MODE){
 8000998:	7903      	ldrb	r3, [r0, #4]
 800099a:	b12b      	cbz	r3, 80009a8 <TIM_GetPWMFrequency+0x14>
        pwm_frequency = GetSystemClock() / (tim_handle->base.prescaler + 1) / (tim_handle->base.period + 1);
    }
    else if(tim_handle->base.timer_mode == TIMER_CENTER_ALIGNED_MODE_1 || 
            tim_handle->base.timer_mode == TIMER_CENTER_ALIGNED_MODE_2 || 
 800099c:	3b01      	subs	r3, #1
 800099e:	b2db      	uxtb	r3, r3
    else if(tim_handle->base.timer_mode == TIMER_CENTER_ALIGNED_MODE_1 || 
 80009a0:	2b02      	cmp	r3, #2
 80009a2:	d90c      	bls.n	80009be <TIM_GetPWMFrequency+0x2a>
            tim_handle->base.timer_mode == TIMER_CENTER_ALIGNED_MODE_3){
        pwm_frequency = GetSystemClock() / (tim_handle->base.prescaler + 1) / (tim_handle->base.period + 1) / 2;
    }
    else{
        // Invalid timer mode
        return 0;
 80009a4:	2000      	movs	r0, #0
    }

    return pwm_frequency;

}
 80009a6:	bd10      	pop	{r4, pc}
        pwm_frequency = GetSystemClock() / (tim_handle->base.prescaler + 1) / (tim_handle->base.period + 1);
 80009a8:	f7ff fd80 	bl	80004ac <GetSystemClock>
 80009ac:	8923      	ldrh	r3, [r4, #8]
 80009ae:	3301      	adds	r3, #1
 80009b0:	fbb0 f0f3 	udiv	r0, r0, r3
 80009b4:	8963      	ldrh	r3, [r4, #10]
 80009b6:	3301      	adds	r3, #1
 80009b8:	fbb0 f0f3 	udiv	r0, r0, r3
 80009bc:	e7f3      	b.n	80009a6 <TIM_GetPWMFrequency+0x12>
        pwm_frequency = GetSystemClock() / (tim_handle->base.prescaler + 1) / (tim_handle->base.period + 1) / 2;
 80009be:	f7ff fd75 	bl	80004ac <GetSystemClock>
 80009c2:	8923      	ldrh	r3, [r4, #8]
 80009c4:	3301      	adds	r3, #1
 80009c6:	fbb0 f0f3 	udiv	r0, r0, r3
 80009ca:	8963      	ldrh	r3, [r4, #10]
 80009cc:	3301      	adds	r3, #1
 80009ce:	fbb0 f0f3 	udiv	r0, r0, r3
 80009d2:	0840      	lsrs	r0, r0, #1
 80009d4:	e7e7      	b.n	80009a6 <TIM_GetPWMFrequency+0x12>

080009d6 <ThreePhaseControl_getPWMFrequency>:
uint32_t ThreePhaseControl_getPWMFrequency(void){
 80009d6:	b508      	push	{r3, lr}
    return TIM_GetPWMFrequency(&PHASES_PWM_HANDLE);
 80009d8:	4801      	ldr	r0, [pc, #4]	@ (80009e0 <ThreePhaseControl_getPWMFrequency+0xa>)
 80009da:	f7ff ffdb 	bl	8000994 <TIM_GetPWMFrequency>
}
 80009de:	bd08      	pop	{r3, pc}
 80009e0:	20000004 	.word	0x20000004

080009e4 <SWave_CalculatePhaseIncrement>:
void SWave_CalculatePhaseIncrement(uint32_t frequency_hz){
 80009e4:	b538      	push	{r3, r4, r5, lr}
 80009e6:	4604      	mov	r4, r0
    phase_increment = ((uint64_t)frequency_hz << MULTIPLIER_32U_BASE) / ThreePhaseControl_getPWMFrequency();
 80009e8:	2500      	movs	r5, #0
 80009ea:	f7ff fff4 	bl	80009d6 <ThreePhaseControl_getPWMFrequency>
 80009ee:	4602      	mov	r2, r0
 80009f0:	462b      	mov	r3, r5
 80009f2:	4628      	mov	r0, r5
 80009f4:	4621      	mov	r1, r4
 80009f6:	f000 f87d 	bl	8000af4 <__aeabi_uldivmod>
 80009fa:	4b01      	ldr	r3, [pc, #4]	@ (8000a00 <SWave_CalculatePhaseIncrement+0x1c>)
 80009fc:	6018      	str	r0, [r3, #0]
}
 80009fe:	bd38      	pop	{r3, r4, r5, pc}
 8000a00:	20000068 	.word	0x20000068

08000a04 <SWave_SetMotorFrequency>:
void SWave_SetMotorFrequency(uint32_t motor_frequency){
 8000a04:	b508      	push	{r3, lr}
    SWave_CalculatePhaseIncrement(motor_frequency);
 8000a06:	f7ff ffed 	bl	80009e4 <SWave_CalculatePhaseIncrement>
}
 8000a0a:	bd08      	pop	{r3, pc}

08000a0c <SystemInit>:
    SCB->CPACR |= ((3UL << 10*2)|(3UL << 11*2));  /* set CP10 and CP11 Full Access */
 8000a0c:	4a03      	ldr	r2, [pc, #12]	@ (8000a1c <SystemInit+0x10>)
 8000a0e:	f8d2 3088 	ldr.w	r3, [r2, #136]	@ 0x88
 8000a12:	f443 0370 	orr.w	r3, r3, #15728640	@ 0xf00000
 8000a16:	f8c2 3088 	str.w	r3, [r2, #136]	@ 0x88
}
 8000a1a:	4770      	bx	lr
 8000a1c:	e000ed00 	.word	0xe000ed00

08000a20 <main>:
#include "gpio.h"
#include "timer.h"
#include "three_phase_control.h"
#include "swave.h"

int main (void){
 8000a20:	b500      	push	{lr}
 8000a22:	b087      	sub	sp, #28

/* Código abaixo para testar o System Clock e System Time */
    InitSystemClock();
 8000a24:	f7ff fcee 	bl	8000404 <InitSystemClock>
    InitSystemTime();
 8000a28:	f7ff fd46 	bl	80004b8 <InitSystemTime>

    ThreePhaseControl_Init();
 8000a2c:	f7ff ff5e 	bl	80008ec <ThreePhaseControl_Init>
    SWave_SetMotorFrequency(1); // Set motor frequency to 1 Hz
 8000a30:	2001      	movs	r0, #1
 8000a32:	f7ff ffe7 	bl	8000a04 <SWave_SetMotorFrequency>
    SWave_init();
 8000a36:	f7ff ffa9 	bl	800098c <SWave_init>

    ThreePhaseControl_Start();
 8000a3a:	f7ff feef 	bl	800081c <ThreePhaseControl_Start>

    time_ms_t current_time = 0, timeout = 0, getSystemTimer_ms = 0;

    timeout = 1000;

    gpio_config_t LED1 = {
 8000a3e:	2400      	movs	r4, #0
 8000a40:	9403      	str	r4, [sp, #12]
 8000a42:	9404      	str	r4, [sp, #16]
 8000a44:	9405      	str	r4, [sp, #20]
 8000a46:	4a1b      	ldr	r2, [pc, #108]	@ (8000ab4 <main+0x94>)
 8000a48:	9203      	str	r2, [sp, #12]
 8000a4a:	2306      	movs	r3, #6
 8000a4c:	f88d 3010 	strb.w	r3, [sp, #16]
 8000a50:	2301      	movs	r3, #1
 8000a52:	f88d 3011 	strb.w	r3, [sp, #17]
 8000a56:	f88d 3012 	strb.w	r3, [sp, #18]
 8000a5a:	f88d 3013 	strb.w	r3, [sp, #19]
        .speed = GPIO_OUTPUT_SPEED_MEDIUM,
        .pull = GPIO_NO_PULL,

    };

        gpio_config_t LED2 = {
 8000a5e:	9400      	str	r4, [sp, #0]
 8000a60:	9401      	str	r4, [sp, #4]
 8000a62:	9402      	str	r4, [sp, #8]
 8000a64:	9200      	str	r2, [sp, #0]
 8000a66:	2207      	movs	r2, #7
 8000a68:	f88d 2004 	strb.w	r2, [sp, #4]
 8000a6c:	f88d 3005 	strb.w	r3, [sp, #5]
 8000a70:	f88d 3006 	strb.w	r3, [sp, #6]
 8000a74:	f88d 3007 	strb.w	r3, [sp, #7]
        .speed = GPIO_OUTPUT_SPEED_MEDIUM,
        .pull = GPIO_NO_PULL,

    };

    GPIO_EnableClock(&LED1);
 8000a78:	a803      	add	r0, sp, #12
 8000a7a:	f7ff fc40 	bl	80002fe <GPIO_EnableClock>

    GPIO_Init(&LED1);
 8000a7e:	a803      	add	r0, sp, #12
 8000a80:	f7ff fbd2 	bl	8000228 <GPIO_Init>
    GPIO_Init(&LED2);
 8000a84:	4668      	mov	r0, sp
 8000a86:	f7ff fbcf 	bl	8000228 <GPIO_Init>

    GPIO_SetPin(&LED1);
 8000a8a:	a803      	add	r0, sp, #12
 8000a8c:	f7ff fc9c 	bl	80003c8 <GPIO_SetPin>
    GPIO_ResetPin(&LED2);
 8000a90:	4668      	mov	r0, sp
 8000a92:	f7ff fc9f 	bl	80003d4 <GPIO_ResetPin>
    time_ms_t current_time = 0, timeout = 0, getSystemTimer_ms = 0;
 8000a96:	4625      	mov	r5, r4

    while (1)
    {
        getSystemTimer_ms = getTime_ms();
 8000a98:	f7ff fd22 	bl	80004e0 <getTime_ms>
 8000a9c:	4604      	mov	r4, r0
        if((getSystemTimer_ms - current_time)>=timeout){
 8000a9e:	1b43      	subs	r3, r0, r5
 8000aa0:	f5b3 7f7a 	cmp.w	r3, #1000	@ 0x3e8
 8000aa4:	d3f8      	bcc.n	8000a98 <main+0x78>

            current_time = getSystemTimer_ms;
            GPIO_TogglePin(&LED1);
 8000aa6:	a803      	add	r0, sp, #12
 8000aa8:	f7ff fc9b 	bl	80003e2 <GPIO_TogglePin>
            GPIO_TogglePin(&LED2);
 8000aac:	4668      	mov	r0, sp
 8000aae:	f7ff fc98 	bl	80003e2 <GPIO_TogglePin>
 8000ab2:	e7f0      	b.n	8000a96 <main+0x76>
 8000ab4:	40020000 	.word	0x40020000

08000ab8 <SysTick_Handler>:

/// @brief SysTick interruption Handler 
void SysTick_Handler(void){

    tick++;
 8000ab8:	4a02      	ldr	r2, [pc, #8]	@ (8000ac4 <SysTick_Handler+0xc>)
 8000aba:	6893      	ldr	r3, [r2, #8]
 8000abc:	3301      	adds	r3, #1
 8000abe:	6093      	str	r3, [r2, #8]

 8000ac0:	4770      	bx	lr
 8000ac2:	bf00      	nop
 8000ac4:	20000068 	.word	0x20000068

08000ac8 <TIM1_UP_TIM10_IRQHandler>:

void TIM1_UP_TIM10_IRQHandler(void){
 8000ac8:	b508      	push	{r3, lr}

    if(TIM1->SR & TIM_SR_UIF_Msk){
 8000aca:	4b08      	ldr	r3, [pc, #32]	@ (8000aec <TIM1_UP_TIM10_IRQHandler+0x24>)
 8000acc:	691b      	ldr	r3, [r3, #16]
 8000ace:	f013 0f01 	tst.w	r3, #1
 8000ad2:	d00a      	beq.n	8000aea <TIM1_UP_TIM10_IRQHandler+0x22>
        TIM1->SR &= ~TIM_SR_UIF_Msk;
 8000ad4:	4a05      	ldr	r2, [pc, #20]	@ (8000aec <TIM1_UP_TIM10_IRQHandler+0x24>)
 8000ad6:	6913      	ldr	r3, [r2, #16]
 8000ad8:	f023 0301 	bic.w	r3, r3, #1
 8000adc:	6113      	str	r3, [r2, #16]
        if(tim_callback != 0){
 8000ade:	4b04      	ldr	r3, [pc, #16]	@ (8000af0 <TIM1_UP_TIM10_IRQHandler+0x28>)
 8000ae0:	68db      	ldr	r3, [r3, #12]
 8000ae2:	b113      	cbz	r3, 8000aea <TIM1_UP_TIM10_IRQHandler+0x22>
            tim_callback();
 8000ae4:	4b02      	ldr	r3, [pc, #8]	@ (8000af0 <TIM1_UP_TIM10_IRQHandler+0x28>)
 8000ae6:	68db      	ldr	r3, [r3, #12]
 8000ae8:	4798      	blx	r3
        }
        else
            return;
    }
}
 8000aea:	bd08      	pop	{r3, pc}
 8000aec:	40010000 	.word	0x40010000
 8000af0:	20000068 	.word	0x20000068

08000af4 <__aeabi_uldivmod>:
 8000af4:	b953      	cbnz	r3, 8000b0c <__aeabi_uldivmod+0x18>
 8000af6:	b94a      	cbnz	r2, 8000b0c <__aeabi_uldivmod+0x18>
 8000af8:	2900      	cmp	r1, #0
 8000afa:	bf08      	it	eq
 8000afc:	2800      	cmpeq	r0, #0
 8000afe:	bf1c      	itt	ne
 8000b00:	f04f 31ff 	movne.w	r1, #4294967295
 8000b04:	f04f 30ff 	movne.w	r0, #4294967295
 8000b08:	f000 b80c 	b.w	8000b24 <__aeabi_idiv0>
 8000b0c:	f1ad 0c08 	sub.w	ip, sp, #8
 8000b10:	e96d ce04 	strd	ip, lr, [sp, #-16]!
 8000b14:	f000 f89c 	bl	8000c50 <__udivmoddi4>
 8000b18:	f8dd e004 	ldr.w	lr, [sp, #4]
 8000b1c:	e9dd 2302 	ldrd	r2, r3, [sp, #8]
 8000b20:	b004      	add	sp, #16
 8000b22:	4770      	bx	lr

08000b24 <__aeabi_idiv0>:
 8000b24:	4770      	bx	lr
 8000b26:	bf00      	nop

08000b28 <deregister_tm_clones>:
 8000b28:	4803      	ldr	r0, [pc, #12]	@ (8000b38 <deregister_tm_clones+0x10>)
 8000b2a:	4b04      	ldr	r3, [pc, #16]	@ (8000b3c <deregister_tm_clones+0x14>)
 8000b2c:	4283      	cmp	r3, r0
 8000b2e:	d002      	beq.n	8000b36 <deregister_tm_clones+0xe>
 8000b30:	4b03      	ldr	r3, [pc, #12]	@ (8000b40 <deregister_tm_clones+0x18>)
 8000b32:	b103      	cbz	r3, 8000b36 <deregister_tm_clones+0xe>
 8000b34:	4718      	bx	r3
 8000b36:	4770      	bx	lr
 8000b38:	20000068 	.word	0x20000068
 8000b3c:	20000068 	.word	0x20000068
 8000b40:	00000000 	.word	0x00000000

08000b44 <register_tm_clones>:
 8000b44:	4805      	ldr	r0, [pc, #20]	@ (8000b5c <register_tm_clones+0x18>)
 8000b46:	4b06      	ldr	r3, [pc, #24]	@ (8000b60 <register_tm_clones+0x1c>)
 8000b48:	1a1b      	subs	r3, r3, r0
 8000b4a:	0fd9      	lsrs	r1, r3, #31
 8000b4c:	eb01 01a3 	add.w	r1, r1, r3, asr #2
 8000b50:	1049      	asrs	r1, r1, #1
 8000b52:	d002      	beq.n	8000b5a <register_tm_clones+0x16>
 8000b54:	4b03      	ldr	r3, [pc, #12]	@ (8000b64 <register_tm_clones+0x20>)
 8000b56:	b103      	cbz	r3, 8000b5a <register_tm_clones+0x16>
 8000b58:	4718      	bx	r3
 8000b5a:	4770      	bx	lr
 8000b5c:	20000068 	.word	0x20000068
 8000b60:	20000068 	.word	0x20000068
 8000b64:	00000000 	.word	0x00000000

08000b68 <__do_global_dtors_aux>:
 8000b68:	b510      	push	{r4, lr}
 8000b6a:	4c06      	ldr	r4, [pc, #24]	@ (8000b84 <__do_global_dtors_aux+0x1c>)
 8000b6c:	7823      	ldrb	r3, [r4, #0]
 8000b6e:	b943      	cbnz	r3, 8000b82 <__do_global_dtors_aux+0x1a>
 8000b70:	f7ff ffda 	bl	8000b28 <deregister_tm_clones>
 8000b74:	4b04      	ldr	r3, [pc, #16]	@ (8000b88 <__do_global_dtors_aux+0x20>)
 8000b76:	b113      	cbz	r3, 8000b7e <__do_global_dtors_aux+0x16>
 8000b78:	4804      	ldr	r0, [pc, #16]	@ (8000b8c <__do_global_dtors_aux+0x24>)
 8000b7a:	f3af 8000 	nop.w
 8000b7e:	2301      	movs	r3, #1
 8000b80:	7023      	strb	r3, [r4, #0]
 8000b82:	bd10      	pop	{r4, pc}
 8000b84:	20000078 	.word	0x20000078
 8000b88:	00000000 	.word	0x00000000
 8000b8c:	08000f0c 	.word	0x08000f0c

08000b90 <frame_dummy>:
 8000b90:	b508      	push	{r3, lr}
 8000b92:	4b05      	ldr	r3, [pc, #20]	@ (8000ba8 <frame_dummy+0x18>)
 8000b94:	b11b      	cbz	r3, 8000b9e <frame_dummy+0xe>
 8000b96:	4905      	ldr	r1, [pc, #20]	@ (8000bac <frame_dummy+0x1c>)
 8000b98:	4805      	ldr	r0, [pc, #20]	@ (8000bb0 <frame_dummy+0x20>)
 8000b9a:	f3af 8000 	nop.w
 8000b9e:	e8bd 4008 	ldmia.w	sp!, {r3, lr}
 8000ba2:	f7ff bfcf 	b.w	8000b44 <register_tm_clones>
 8000ba6:	bf00      	nop
 8000ba8:	00000000 	.word	0x00000000
 8000bac:	2000007c 	.word	0x2000007c
 8000bb0:	08000f0c 	.word	0x08000f0c

08000bb4 <Reset_Handler>:
 8000bb4:	f8df d034 	ldr.w	sp, [pc, #52]	@ 8000bec <LoopFillZerobss+0xe>
 8000bb8:	f7ff ff28 	bl	8000a0c <SystemInit>
 8000bbc:	480c      	ldr	r0, [pc, #48]	@ (8000bf0 <LoopFillZerobss+0x12>)
 8000bbe:	490d      	ldr	r1, [pc, #52]	@ (8000bf4 <LoopFillZerobss+0x16>)
 8000bc0:	4a0d      	ldr	r2, [pc, #52]	@ (8000bf8 <LoopFillZerobss+0x1a>)
 8000bc2:	2300      	movs	r3, #0
 8000bc4:	e002      	b.n	8000bcc <LoopCopyDataInit>

08000bc6 <CopyDataInit>:
 8000bc6:	58d4      	ldr	r4, [r2, r3]
 8000bc8:	50c4      	str	r4, [r0, r3]
 8000bca:	3304      	adds	r3, #4

08000bcc <LoopCopyDataInit>:
 8000bcc:	18c4      	adds	r4, r0, r3
 8000bce:	428c      	cmp	r4, r1
 8000bd0:	d3f9      	bcc.n	8000bc6 <CopyDataInit>
 8000bd2:	4a0a      	ldr	r2, [pc, #40]	@ (8000bfc <LoopFillZerobss+0x1e>)
 8000bd4:	4c0a      	ldr	r4, [pc, #40]	@ (8000c00 <LoopFillZerobss+0x22>)
 8000bd6:	2300      	movs	r3, #0
 8000bd8:	e001      	b.n	8000bde <LoopFillZerobss>

08000bda <FillZerobss>:
 8000bda:	6013      	str	r3, [r2, #0]
 8000bdc:	3204      	adds	r2, #4

08000bde <LoopFillZerobss>:
 8000bde:	42a2      	cmp	r2, r4
 8000be0:	d3fb      	bcc.n	8000bda <FillZerobss>
 8000be2:	f000 f811 	bl	8000c08 <__libc_init_array>
 8000be6:	f7ff ff1b 	bl	8000a20 <main>
 8000bea:	4770      	bx	lr
 8000bec:	20020000 	.word	0x20020000
 8000bf0:	20000000 	.word	0x20000000
 8000bf4:	20000068 	.word	0x20000068
 8000bf8:	08001f48 	.word	0x08001f48
 8000bfc:	20000068 	.word	0x20000068
 8000c00:	20000094 	.word	0x20000094

08000c04 <ADC_IRQHandler>:
 8000c04:	e7fe      	b.n	8000c04 <ADC_IRQHandler>
	...

08000c08 <__libc_init_array>:
 8000c08:	b570      	push	{r4, r5, r6, lr}
 8000c0a:	4d0d      	ldr	r5, [pc, #52]	@ (8000c40 <__libc_init_array+0x38>)
 8000c0c:	4c0d      	ldr	r4, [pc, #52]	@ (8000c44 <__libc_init_array+0x3c>)
 8000c0e:	1b64      	subs	r4, r4, r5
 8000c10:	10a4      	asrs	r4, r4, #2
 8000c12:	2600      	movs	r6, #0
 8000c14:	42a6      	cmp	r6, r4
 8000c16:	d109      	bne.n	8000c2c <__libc_init_array+0x24>
 8000c18:	4d0b      	ldr	r5, [pc, #44]	@ (8000c48 <__libc_init_array+0x40>)
 8000c1a:	4c0c      	ldr	r4, [pc, #48]	@ (8000c4c <__libc_init_array+0x44>)
 8000c1c:	f000 f976 	bl	8000f0c <_init>
 8000c20:	1b64      	subs	r4, r4, r5
 8000c22:	10a4      	asrs	r4, r4, #2
 8000c24:	2600      	movs	r6, #0
 8000c26:	42a6      	cmp	r6, r4
 8000c28:	d105      	bne.n	8000c36 <__libc_init_array+0x2e>
 8000c2a:	bd70      	pop	{r4, r5, r6, pc}
 8000c2c:	f855 3b04 	ldr.w	r3, [r5], #4
 8000c30:	4798      	blx	r3
 8000c32:	3601      	adds	r6, #1
 8000c34:	e7ee      	b.n	8000c14 <__libc_init_array+0xc>
 8000c36:	f855 3b04 	ldr.w	r3, [r5], #4
 8000c3a:	4798      	blx	r3
 8000c3c:	3601      	adds	r6, #1
 8000c3e:	e7f2      	b.n	8000c26 <__libc_init_array+0x1e>
 8000c40:	08001f40 	.word	0x08001f40
 8000c44:	08001f40 	.word	0x08001f40
 8000c48:	08001f40 	.word	0x08001f40
 8000c4c:	08001f44 	.word	0x08001f44

08000c50 <__udivmoddi4>:
 8000c50:	e92d 47f0 	stmdb	sp!, {r4, r5, r6, r7, r8, r9, sl, lr}
 8000c54:	9d08      	ldr	r5, [sp, #32]
 8000c56:	460e      	mov	r6, r1
 8000c58:	4604      	mov	r4, r0
 8000c5a:	460f      	mov	r7, r1
 8000c5c:	2b00      	cmp	r3, #0
 8000c5e:	d14a      	bne.n	8000cf6 <__udivmoddi4+0xa6>
 8000c60:	4694      	mov	ip, r2
 8000c62:	458c      	cmp	ip, r1
 8000c64:	fab2 f282 	clz	r2, r2
 8000c68:	d960      	bls.n	8000d2c <__udivmoddi4+0xdc>
 8000c6a:	b142      	cbz	r2, 8000c7e <__udivmoddi4+0x2e>
 8000c6c:	f1c2 0320 	rsb	r3, r2, #32
 8000c70:	4097      	lsls	r7, r2
 8000c72:	fa20 f303 	lsr.w	r3, r0, r3
 8000c76:	fa0c fc02 	lsl.w	ip, ip, r2
 8000c7a:	431f      	orrs	r7, r3
 8000c7c:	4094      	lsls	r4, r2
 8000c7e:	ea4f 4e1c 	mov.w	lr, ip, lsr #16
 8000c82:	fa1f f68c 	uxth.w	r6, ip
 8000c86:	fbb7 f1fe 	udiv	r1, r7, lr
 8000c8a:	0c23      	lsrs	r3, r4, #16
 8000c8c:	fb0e 7711 	mls	r7, lr, r1, r7
 8000c90:	ea43 4307 	orr.w	r3, r3, r7, lsl #16
 8000c94:	fb01 f006 	mul.w	r0, r1, r6
 8000c98:	4298      	cmp	r0, r3
 8000c9a:	d90a      	bls.n	8000cb2 <__udivmoddi4+0x62>
 8000c9c:	eb1c 0303 	adds.w	r3, ip, r3
 8000ca0:	f101 37ff 	add.w	r7, r1, #4294967295
 8000ca4:	f080 8115 	bcs.w	8000ed2 <__udivmoddi4+0x282>
 8000ca8:	4298      	cmp	r0, r3
 8000caa:	f240 8112 	bls.w	8000ed2 <__udivmoddi4+0x282>
 8000cae:	3902      	subs	r1, #2
 8000cb0:	4463      	add	r3, ip
 8000cb2:	1a1b      	subs	r3, r3, r0
 8000cb4:	b2a4      	uxth	r4, r4
 8000cb6:	fbb3 f0fe 	udiv	r0, r3, lr
 8000cba:	fb0e 3310 	mls	r3, lr, r0, r3
 8000cbe:	ea44 4403 	orr.w	r4, r4, r3, lsl #16
 8000cc2:	fb00 f606 	mul.w	r6, r0, r6
 8000cc6:	42a6      	cmp	r6, r4
 8000cc8:	d90a      	bls.n	8000ce0 <__udivmoddi4+0x90>
 8000cca:	eb1c 0404 	adds.w	r4, ip, r4
 8000cce:	f100 33ff 	add.w	r3, r0, #4294967295
 8000cd2:	f080 8100 	bcs.w	8000ed6 <__udivmoddi4+0x286>
 8000cd6:	42a6      	cmp	r6, r4
 8000cd8:	f240 80fd 	bls.w	8000ed6 <__udivmoddi4+0x286>
 8000cdc:	4464      	add	r4, ip
 8000cde:	3802      	subs	r0, #2
 8000ce0:	ea40 4001 	orr.w	r0, r0, r1, lsl #16
 8000ce4:	1ba4      	subs	r4, r4, r6
 8000ce6:	2100      	movs	r1, #0
 8000ce8:	b11d      	cbz	r5, 8000cf2 <__udivmoddi4+0xa2>
 8000cea:	40d4      	lsrs	r4, r2
 8000cec:	2300      	movs	r3, #0
 8000cee:	e9c5 4300 	strd	r4, r3, [r5]
 8000cf2:	e8bd 87f0 	ldmia.w	sp!, {r4, r5, r6, r7, r8, r9, sl, pc}
 8000cf6:	428b      	cmp	r3, r1
 8000cf8:	d905      	bls.n	8000d06 <__udivmoddi4+0xb6>
 8000cfa:	b10d      	cbz	r5, 8000d00 <__udivmoddi4+0xb0>
 8000cfc:	e9c5 0100 	strd	r0, r1, [r5]
 8000d00:	2100      	movs	r1, #0
 8000d02:	4608      	mov	r0, r1
 8000d04:	e7f5      	b.n	8000cf2 <__udivmoddi4+0xa2>
 8000d06:	fab3 f183 	clz	r1, r3
 8000d0a:	2900      	cmp	r1, #0
 8000d0c:	d146      	bne.n	8000d9c <__udivmoddi4+0x14c>
 8000d0e:	42b3      	cmp	r3, r6
 8000d10:	d302      	bcc.n	8000d18 <__udivmoddi4+0xc8>
 8000d12:	4282      	cmp	r2, r0
 8000d14:	f200 80f5 	bhi.w	8000f02 <__udivmoddi4+0x2b2>
 8000d18:	1a84      	subs	r4, r0, r2
 8000d1a:	eb66 0203 	sbc.w	r2, r6, r3
 8000d1e:	2001      	movs	r0, #1
 8000d20:	4617      	mov	r7, r2
 8000d22:	2d00      	cmp	r5, #0
 8000d24:	d0e5      	beq.n	8000cf2 <__udivmoddi4+0xa2>
 8000d26:	e9c5 4700 	strd	r4, r7, [r5]
 8000d2a:	e7e2      	b.n	8000cf2 <__udivmoddi4+0xa2>
 8000d2c:	2a00      	cmp	r2, #0
 8000d2e:	f040 8093 	bne.w	8000e58 <__udivmoddi4+0x208>
 8000d32:	eba1 030c 	sub.w	r3, r1, ip
 8000d36:	ea4f 471c 	mov.w	r7, ip, lsr #16
 8000d3a:	fa1f fe8c 	uxth.w	lr, ip
 8000d3e:	2101      	movs	r1, #1
 8000d40:	fbb3 f6f7 	udiv	r6, r3, r7
 8000d44:	fb07 3016 	mls	r0, r7, r6, r3
 8000d48:	0c23      	lsrs	r3, r4, #16
 8000d4a:	ea43 4300 	orr.w	r3, r3, r0, lsl #16
 8000d4e:	fb0e f006 	mul.w	r0, lr, r6
 8000d52:	4298      	cmp	r0, r3
 8000d54:	d908      	bls.n	8000d68 <__udivmoddi4+0x118>
 8000d56:	eb1c 0303 	adds.w	r3, ip, r3
 8000d5a:	f106 38ff 	add.w	r8, r6, #4294967295
 8000d5e:	d202      	bcs.n	8000d66 <__udivmoddi4+0x116>
 8000d60:	4298      	cmp	r0, r3
 8000d62:	f200 80d0 	bhi.w	8000f06 <__udivmoddi4+0x2b6>
 8000d66:	4646      	mov	r6, r8
 8000d68:	1a1b      	subs	r3, r3, r0
 8000d6a:	b2a4      	uxth	r4, r4
 8000d6c:	fbb3 f0f7 	udiv	r0, r3, r7
 8000d70:	fb07 3310 	mls	r3, r7, r0, r3
 8000d74:	ea44 4403 	orr.w	r4, r4, r3, lsl #16
 8000d78:	fb0e fe00 	mul.w	lr, lr, r0
 8000d7c:	45a6      	cmp	lr, r4
 8000d7e:	d908      	bls.n	8000d92 <__udivmoddi4+0x142>
 8000d80:	eb1c 0404 	adds.w	r4, ip, r4
 8000d84:	f100 33ff 	add.w	r3, r0, #4294967295
 8000d88:	d202      	bcs.n	8000d90 <__udivmoddi4+0x140>
 8000d8a:	45a6      	cmp	lr, r4
 8000d8c:	f200 80b6 	bhi.w	8000efc <__udivmoddi4+0x2ac>
 8000d90:	4618      	mov	r0, r3
 8000d92:	eba4 040e 	sub.w	r4, r4, lr
 8000d96:	ea40 4006 	orr.w	r0, r0, r6, lsl #16
 8000d9a:	e7a5      	b.n	8000ce8 <__udivmoddi4+0x98>
 8000d9c:	f1c1 0720 	rsb	r7, r1, #32
 8000da0:	408b      	lsls	r3, r1
 8000da2:	fa22 fc07 	lsr.w	ip, r2, r7
 8000da6:	ea4c 0c03 	orr.w	ip, ip, r3
 8000daa:	fa06 fe01 	lsl.w	lr, r6, r1
 8000dae:	fa20 f407 	lsr.w	r4, r0, r7
 8000db2:	fa26 f307 	lsr.w	r3, r6, r7
 8000db6:	ea44 040e 	orr.w	r4, r4, lr
 8000dba:	fa00 f801 	lsl.w	r8, r0, r1
 8000dbe:	ea4f 401c 	mov.w	r0, ip, lsr #16
 8000dc2:	ea4f 4914 	mov.w	r9, r4, lsr #16
 8000dc6:	fbb3 fef0 	udiv	lr, r3, r0
 8000dca:	fa1f f68c 	uxth.w	r6, ip
 8000dce:	fb00 331e 	mls	r3, r0, lr, r3
 8000dd2:	ea49 4303 	orr.w	r3, r9, r3, lsl #16
 8000dd6:	fb0e f906 	mul.w	r9, lr, r6
 8000dda:	4599      	cmp	r9, r3
 8000ddc:	fa02 f201 	lsl.w	r2, r2, r1
 8000de0:	d90b      	bls.n	8000dfa <__udivmoddi4+0x1aa>
 8000de2:	eb1c 0303 	adds.w	r3, ip, r3
 8000de6:	f10e 3aff 	add.w	sl, lr, #4294967295
 8000dea:	f080 8085 	bcs.w	8000ef8 <__udivmoddi4+0x2a8>
 8000dee:	4599      	cmp	r9, r3
 8000df0:	f240 8082 	bls.w	8000ef8 <__udivmoddi4+0x2a8>
 8000df4:	f1ae 0e02 	sub.w	lr, lr, #2
 8000df8:	4463      	add	r3, ip
 8000dfa:	eba3 0909 	sub.w	r9, r3, r9
 8000dfe:	b2a4      	uxth	r4, r4
 8000e00:	fbb9 f3f0 	udiv	r3, r9, r0
 8000e04:	fb00 9913 	mls	r9, r0, r3, r9
 8000e08:	ea44 4409 	orr.w	r4, r4, r9, lsl #16
 8000e0c:	fb03 f606 	mul.w	r6, r3, r6
 8000e10:	42a6      	cmp	r6, r4
 8000e12:	d908      	bls.n	8000e26 <__udivmoddi4+0x1d6>
 8000e14:	eb1c 0404 	adds.w	r4, ip, r4
 8000e18:	f103 30ff 	add.w	r0, r3, #4294967295
 8000e1c:	d268      	bcs.n	8000ef0 <__udivmoddi4+0x2a0>
 8000e1e:	42a6      	cmp	r6, r4
 8000e20:	d966      	bls.n	8000ef0 <__udivmoddi4+0x2a0>
 8000e22:	3b02      	subs	r3, #2
 8000e24:	4464      	add	r4, ip
 8000e26:	ea43 400e 	orr.w	r0, r3, lr, lsl #16
 8000e2a:	1ba4      	subs	r4, r4, r6
 8000e2c:	fba0 e602 	umull	lr, r6, r0, r2
 8000e30:	42b4      	cmp	r4, r6
 8000e32:	4673      	mov	r3, lr
 8000e34:	46b1      	mov	r9, r6
 8000e36:	d352      	bcc.n	8000ede <__udivmoddi4+0x28e>
 8000e38:	d04f      	beq.n	8000eda <__udivmoddi4+0x28a>
 8000e3a:	b15d      	cbz	r5, 8000e54 <__udivmoddi4+0x204>
 8000e3c:	ebb8 0203 	subs.w	r2, r8, r3
 8000e40:	eb64 0409 	sbc.w	r4, r4, r9
 8000e44:	fa04 f707 	lsl.w	r7, r4, r7
 8000e48:	fa22 f301 	lsr.w	r3, r2, r1
 8000e4c:	431f      	orrs	r7, r3
 8000e4e:	40cc      	lsrs	r4, r1
 8000e50:	e9c5 7400 	strd	r7, r4, [r5]
 8000e54:	2100      	movs	r1, #0
 8000e56:	e74c      	b.n	8000cf2 <__udivmoddi4+0xa2>
 8000e58:	f1c2 0120 	rsb	r1, r2, #32
 8000e5c:	fa20 f301 	lsr.w	r3, r0, r1
 8000e60:	fa0c fc02 	lsl.w	ip, ip, r2
 8000e64:	fa26 f101 	lsr.w	r1, r6, r1
 8000e68:	4096      	lsls	r6, r2
 8000e6a:	4333      	orrs	r3, r6
 8000e6c:	ea4f 471c 	mov.w	r7, ip, lsr #16
 8000e70:	fa1f fe8c 	uxth.w	lr, ip
 8000e74:	fbb1 f0f7 	udiv	r0, r1, r7
 8000e78:	fb07 1610 	mls	r6, r7, r0, r1
 8000e7c:	0c19      	lsrs	r1, r3, #16
 8000e7e:	ea41 4106 	orr.w	r1, r1, r6, lsl #16
 8000e82:	fb00 f60e 	mul.w	r6, r0, lr
 8000e86:	428e      	cmp	r6, r1
 8000e88:	fa04 f402 	lsl.w	r4, r4, r2
 8000e8c:	d908      	bls.n	8000ea0 <__udivmoddi4+0x250>
 8000e8e:	eb1c 0101 	adds.w	r1, ip, r1
 8000e92:	f100 38ff 	add.w	r8, r0, #4294967295
 8000e96:	d22d      	bcs.n	8000ef4 <__udivmoddi4+0x2a4>
 8000e98:	428e      	cmp	r6, r1
 8000e9a:	d92b      	bls.n	8000ef4 <__udivmoddi4+0x2a4>
 8000e9c:	3802      	subs	r0, #2
 8000e9e:	4461      	add	r1, ip
 8000ea0:	1b89      	subs	r1, r1, r6
 8000ea2:	b29b      	uxth	r3, r3
 8000ea4:	fbb1 f6f7 	udiv	r6, r1, r7
 8000ea8:	fb07 1116 	mls	r1, r7, r6, r1
 8000eac:	ea43 4301 	orr.w	r3, r3, r1, lsl #16
 8000eb0:	fb06 f10e 	mul.w	r1, r6, lr
 8000eb4:	4299      	cmp	r1, r3
 8000eb6:	d908      	bls.n	8000eca <__udivmoddi4+0x27a>
 8000eb8:	eb1c 0303 	adds.w	r3, ip, r3
 8000ebc:	f106 38ff 	add.w	r8, r6, #4294967295
 8000ec0:	d214      	bcs.n	8000eec <__udivmoddi4+0x29c>
 8000ec2:	4299      	cmp	r1, r3
 8000ec4:	d912      	bls.n	8000eec <__udivmoddi4+0x29c>
 8000ec6:	3e02      	subs	r6, #2
 8000ec8:	4463      	add	r3, ip
 8000eca:	1a5b      	subs	r3, r3, r1
 8000ecc:	ea46 4100 	orr.w	r1, r6, r0, lsl #16
 8000ed0:	e736      	b.n	8000d40 <__udivmoddi4+0xf0>
 8000ed2:	4639      	mov	r1, r7
 8000ed4:	e6ed      	b.n	8000cb2 <__udivmoddi4+0x62>
 8000ed6:	4618      	mov	r0, r3
 8000ed8:	e702      	b.n	8000ce0 <__udivmoddi4+0x90>
 8000eda:	45f0      	cmp	r8, lr
 8000edc:	d2ad      	bcs.n	8000e3a <__udivmoddi4+0x1ea>
 8000ede:	ebbe 0302 	subs.w	r3, lr, r2
 8000ee2:	eb66 060c 	sbc.w	r6, r6, ip
 8000ee6:	3801      	subs	r0, #1
 8000ee8:	46b1      	mov	r9, r6
 8000eea:	e7a6      	b.n	8000e3a <__udivmoddi4+0x1ea>
 8000eec:	4646      	mov	r6, r8
 8000eee:	e7ec      	b.n	8000eca <__udivmoddi4+0x27a>
 8000ef0:	4603      	mov	r3, r0
 8000ef2:	e798      	b.n	8000e26 <__udivmoddi4+0x1d6>
 8000ef4:	4640      	mov	r0, r8
 8000ef6:	e7d3      	b.n	8000ea0 <__udivmoddi4+0x250>
 8000ef8:	46d6      	mov	lr, sl
 8000efa:	e77e      	b.n	8000dfa <__udivmoddi4+0x1aa>
 8000efc:	4464      	add	r4, ip
 8000efe:	3802      	subs	r0, #2
 8000f00:	e747      	b.n	8000d92 <__udivmoddi4+0x142>
 8000f02:	4608      	mov	r0, r1
 8000f04:	e70d      	b.n	8000d22 <__udivmoddi4+0xd2>
 8000f06:	3e02      	subs	r6, #2
 8000f08:	4463      	add	r3, ip
 8000f0a:	e72d      	b.n	8000d68 <__udivmoddi4+0x118>

08000f0c <_init>:
 8000f0c:	b5f8      	push	{r3, r4, r5, r6, r7, lr}
 8000f0e:	bf00      	nop
 8000f10:	bcf8      	pop	{r3, r4, r5, r6, r7}
 8000f12:	bc08      	pop	{r3}
 8000f14:	469e      	mov	lr, r3
 8000f16:	4770      	bx	lr

08000f18 <_fini>:
 8000f18:	b5f8      	push	{r3, r4, r5, r6, r7, lr}
 8000f1a:	bf00      	nop
 8000f1c:	bcf8      	pop	{r3, r4, r5, r6, r7}
 8000f1e:	bc08      	pop	{r3}
 8000f20:	469e      	mov	lr, r3
 8000f22:	4770      	bx	lr
